project_functions.c:23:6:connect_WIFI	272	static
project_functions.c:61:6:esp_as_server	488	static
project_functions.c:91:6:esp_as_TCP	416	static
project_functions.c:119:6:get_IP	24	static
project_functions.c:133:6:print_oled_message	304	dynamic
project_functions.c:337:6:esp_ok	56	static
project_functions.c:363:6:esp_find_ok	224	static
project_functions.c:384:6:message_timer	16	static
project_functions.c:403:6:esp_error_handler	8	static
project_functions.c:419:6:Large_number	48	static
project_functions.c:434:6:get_time	520	static
project_functions.c:479:6:print_time	24	static
project_functions.c:494:6:process_time	24	static
