project_functions.c:23:6:connect_WIFI	272	static
project_functions.c:61:6:esp_as_server	488	static
project_functions.c:91:10:esp_as_TCP	416	static
project_functions.c:127:6:get_IP	24	static
project_functions.c:141:6:print_oled_message	304	dynamic
project_functions.c:345:6:esp_ok	56	static
project_functions.c:371:6:esp_find_ok	224	static
project_functions.c:392:6:message_timer	16	static
project_functions.c:411:6:esp_error_handler	8	static
project_functions.c:427:6:Large_number	48	static
project_functions.c:442:6:get_time	520	static
project_functions.c:487:6:print_time	24	static
project_functions.c:502:6:process_time	24	static
project_functions.c:532:6:init_stuff	8	static
