stm32l476g_discovery.c:276:10:BSP_GetVersion	4	static
stm32l476g_discovery.c:287:20:BSP_SupplyModeDetection	40	static
stm32l476g_discovery.c:332:6:BSP_LED_Init	48	static
stm32l476g_discovery.c:368:6:BSP_LED_DeInit	24	static
stm32l476g_discovery.c:394:6:BSP_LED_On	16	static
stm32l476g_discovery.c:417:6:BSP_LED_Off	16	static
stm32l476g_discovery.c:440:6:BSP_LED_Toggle	16	static
stm32l476g_discovery.c:453:9:BSP_JOY_Init	64	static
stm32l476g_discovery.c:489:6:BSP_JOY_DeInit	32	static
stm32l476g_discovery.c:512:18:BSP_JOY_GetState	16	static
stm32l476g_discovery.c:545:13:SPIx_Init	8	static
stm32l476g_discovery.c:576:13:SPIx_MspInit	48	static
stm32l476g_discovery.c:599:6:SPIx_DeInit	8	static
stm32l476g_discovery.c:611:13:SPIx_MspDeInit	16	static
stm32l476g_discovery.c:633:16:SPIx_WriteRead	24	static
stm32l476g_discovery.c:666:13:SPIx_Write	16	static
stm32l476g_discovery.c:691:16:SPIx_Read	16	static,ignoring_inline_asm
stm32l476g_discovery.c:724:13:I2C1_Init	8	static
stm32l476g_discovery.c:746:13:I2C1_MspInit	192	static
stm32l476g_discovery.c:796:13:I2C1_DeInit	8	static
stm32l476g_discovery.c:809:13:I2C1_MspDeInit	32	static
stm32l476g_discovery.c:846:26:I2C1_WriteBuffer	48	static
stm32l476g_discovery.c:870:26:I2C1_ReadBuffer	48	static
stm32l476g_discovery.c:889:13:I2C1_Error	8	static
stm32l476g_discovery.c:901:13:I2C2_Init	8	static
stm32l476g_discovery.c:923:13:I2C2_MspInit	184	static
stm32l476g_discovery.c:969:13:I2C2_DeInit	8	static
stm32l476g_discovery.c:982:13:I2C2_MspDeInit	24	static
stm32l476g_discovery.c:1015:13:I2C2_WriteData	48	static
stm32l476g_discovery.c:1038:26:I2C2_WriteBuffer	48	static
stm32l476g_discovery.c:1061:16:I2C2_ReadData	40	static
stm32l476g_discovery.c:1086:26:I2C2_ReadBuffer	48	static
stm32l476g_discovery.c:1106:13:I2C2_Error	8	static
stm32l476g_discovery.c:1124:6:ACCELERO_IO_Init	32	static
stm32l476g_discovery.c:1145:6:ACCELERO_IO_DeInit	32	static
stm32l476g_discovery.c:1167:6:ACCELERO_IO_ITConfig	4	static
stm32l476g_discovery.c:1176:6:ACCELERO_IO_Write	16	static
stm32l476g_discovery.c:1190:9:ACCELERO_IO_Read	24	static
stm32l476g_discovery.c:1206:6:MAGNETO_IO_Init	32	static
stm32l476g_discovery.c:1227:6:MAGNETO_IO_DeInit	32	static
stm32l476g_discovery.c:1253:6:MAGNETO_IO_Write	16	static
stm32l476g_discovery.c:1267:9:MAGNETO_IO_Read	24	static
stm32l476g_discovery.c:1282:6:GYRO_IO_Init	48	static
stm32l476g_discovery.c:1342:6:GYRO_IO_DeInit	40	static
stm32l476g_discovery.c:1374:6:GYRO_IO_Write	16	static
stm32l476g_discovery.c:1407:6:GYRO_IO_Read	16	static
stm32l476g_discovery.c:1438:6:MFX_IO_Init	8	static
stm32l476g_discovery.c:1446:6:MFX_IO_DeInit	40	static
stm32l476g_discovery.c:1472:6:MFX_IO_ITConfig	32	static
stm32l476g_discovery.c:1494:6:MFX_IO_EnableWakeupPin	32	static
stm32l476g_discovery.c:1512:6:MFX_IO_Wakeup	8	static
stm32l476g_discovery.c:1530:6:MFX_IO_Write	16	static
stm32l476g_discovery.c:1540:9:MFX_IO_Read	16	static
stm32l476g_discovery.c:1552:10:MFX_IO_ReadMultiple	32	static
stm32l476g_discovery.c:1566:6:MFX_IO_WriteMultiple	32	static
stm32l476g_discovery.c:1577:6:MFX_IO_Delay	16	static
stm32l476g_discovery.c:1586:6:AUDIO_IO_Init	32	static
stm32l476g_discovery.c:1619:6:AUDIO_IO_DeInit	32	static
stm32l476g_discovery.c:1651:6:AUDIO_IO_Write	24	static
stm32l476g_discovery.c:1661:9:AUDIO_IO_Read	32	static
stm32l476g_discovery.c:1675:6:AUDIO_IO_Delay	16	static
