test.c:30:6:Test_program	8	static
test.c:55:6:test_display	4	static
test.c:64:6:test_led	8	static
test.c:85:6:test_LCD	120	static
test.c:132:6:test_UART	160	static
test.c:156:6:test_usart_error_handler	8	static
test.c:166:6:test_wifi	72	static
test.c:185:6:test_tcp	8	static
test.c:196:6:test_clock	16	static
test.c:227:6:test_print_oled_message	128	static
test.c:247:6:test_esp_ok	32	static
test.c:281:6:test_oled	40	static
test.c:303:6:test_message_timer	16	static
test.c:330:6:test_watchdog	8	static
test.c:348:6:test_systemReset	8	static
test.c:364:6:test_esp_error_handler	8	static
test.c:374:1:test_print_time	16	static
test.c:388:1:test_get_time	8	static
test.c:403:1:test_process_time	16	static
test.c:459:6:test_button	8	static
