test.c:29:6:Test_program	8	static
test.c:51:6:test_led	8	static
test.c:72:6:test_LCD	120	static
test.c:119:6:test_UART	160	static
test.c:142:6:test_usart_error_handler	8	static
test.c:152:6:test_wifi	72	static
test.c:171:6:test_tcp	8	static
test.c:182:6:test_clock	16	static
test.c:215:6:test_print_oled_message	128	static
test.c:235:6:test_esp_ok	32	static
test.c:269:6:test_oled	40	static
test.c:291:6:test_message_timer	16	static
test.c:316:6:test_systemReset	8	static
test.c:332:6:test_esp_error_handler	8	static
test.c:343:6:test_button	8	static
