Archive member included to satisfy reference by file (symbol)

c:/users/sebbe/onedrive/dokument/stm32/stm32cubeide_1.3.0/stm32cubeide/plugins/com.st.stm32cube.ide.mcu.externaltools.gnu-tools-for-stm32.7-2018-q2-update.win32_1.0.0.201904181610/tools/bin/../lib/gcc/arm-none-eabi/7.3.1/../../../../arm-none-eabi/lib/thumb/v7e-m/fpv4-sp/hard\libc_nano.a(lib_a-errno.o)
                              Core/Src/syscalls.o (__errno)
c:/users/sebbe/onedrive/dokument/stm32/stm32cubeide_1.3.0/stm32cubeide/plugins/com.st.stm32cube.ide.mcu.externaltools.gnu-tools-for-stm32.7-2018-q2-update.win32_1.0.0.201904181610/tools/bin/../lib/gcc/arm-none-eabi/7.3.1/../../../../arm-none-eabi/lib/thumb/v7e-m/fpv4-sp/hard\libc_nano.a(lib_a-exit.o)
                              c:/users/sebbe/onedrive/dokument/stm32/stm32cubeide_1.3.0/stm32cubeide/plugins/com.st.stm32cube.ide.mcu.externaltools.gnu-tools-for-stm32.7-2018-q2-update.win32_1.0.0.201904181610/tools/bin/../lib/gcc/arm-none-eabi/7.3.1/../../../../arm-none-eabi/lib/thumb/v7e-m/fpv4-sp/hard/crt0.o (exit)
c:/users/sebbe/onedrive/dokument/stm32/stm32cubeide_1.3.0/stm32cubeide/plugins/com.st.stm32cube.ide.mcu.externaltools.gnu-tools-for-stm32.7-2018-q2-update.win32_1.0.0.201904181610/tools/bin/../lib/gcc/arm-none-eabi/7.3.1/../../../../arm-none-eabi/lib/thumb/v7e-m/fpv4-sp/hard\libc_nano.a(lib_a-impure.o)
                              c:/users/sebbe/onedrive/dokument/stm32/stm32cubeide_1.3.0/stm32cubeide/plugins/com.st.stm32cube.ide.mcu.externaltools.gnu-tools-for-stm32.7-2018-q2-update.win32_1.0.0.201904181610/tools/bin/../lib/gcc/arm-none-eabi/7.3.1/../../../../arm-none-eabi/lib/thumb/v7e-m/fpv4-sp/hard\libc_nano.a(lib_a-exit.o) (_global_impure_ptr)
c:/users/sebbe/onedrive/dokument/stm32/stm32cubeide_1.3.0/stm32cubeide/plugins/com.st.stm32cube.ide.mcu.externaltools.gnu-tools-for-stm32.7-2018-q2-update.win32_1.0.0.201904181610/tools/bin/../lib/gcc/arm-none-eabi/7.3.1/../../../../arm-none-eabi/lib/thumb/v7e-m/fpv4-sp/hard\libc_nano.a(lib_a-init.o)
                              c:/users/sebbe/onedrive/dokument/stm32/stm32cubeide_1.3.0/stm32cubeide/plugins/com.st.stm32cube.ide.mcu.externaltools.gnu-tools-for-stm32.7-2018-q2-update.win32_1.0.0.201904181610/tools/bin/../lib/gcc/arm-none-eabi/7.3.1/../../../../arm-none-eabi/lib/thumb/v7e-m/fpv4-sp/hard/crt0.o (__libc_init_array)
c:/users/sebbe/onedrive/dokument/stm32/stm32cubeide_1.3.0/stm32cubeide/plugins/com.st.stm32cube.ide.mcu.externaltools.gnu-tools-for-stm32.7-2018-q2-update.win32_1.0.0.201904181610/tools/bin/../lib/gcc/arm-none-eabi/7.3.1/../../../../arm-none-eabi/lib/thumb/v7e-m/fpv4-sp/hard\libc_nano.a(lib_a-malloc.o)
                              Middlewares/ST/STM32_USB_Host_Library/Class/CDC/Src/usbh_cdc.o (malloc)
c:/users/sebbe/onedrive/dokument/stm32/stm32cubeide_1.3.0/stm32cubeide/plugins/com.st.stm32cube.ide.mcu.externaltools.gnu-tools-for-stm32.7-2018-q2-update.win32_1.0.0.201904181610/tools/bin/../lib/gcc/arm-none-eabi/7.3.1/../../../../arm-none-eabi/lib/thumb/v7e-m/fpv4-sp/hard\libc_nano.a(lib_a-memmove.o)
                              Core/Src/ssd1306_tests.o (memmove)
c:/users/sebbe/onedrive/dokument/stm32/stm32cubeide_1.3.0/stm32cubeide/plugins/com.st.stm32cube.ide.mcu.externaltools.gnu-tools-for-stm32.7-2018-q2-update.win32_1.0.0.201904181610/tools/bin/../lib/gcc/arm-none-eabi/7.3.1/../../../../arm-none-eabi/lib/thumb/v7e-m/fpv4-sp/hard\libc_nano.a(lib_a-memset.o)
                              c:/users/sebbe/onedrive/dokument/stm32/stm32cubeide_1.3.0/stm32cubeide/plugins/com.st.stm32cube.ide.mcu.externaltools.gnu-tools-for-stm32.7-2018-q2-update.win32_1.0.0.201904181610/tools/bin/../lib/gcc/arm-none-eabi/7.3.1/../../../../arm-none-eabi/lib/thumb/v7e-m/fpv4-sp/hard/crt0.o (memset)
c:/users/sebbe/onedrive/dokument/stm32/stm32cubeide_1.3.0/stm32cubeide/plugins/com.st.stm32cube.ide.mcu.externaltools.gnu-tools-for-stm32.7-2018-q2-update.win32_1.0.0.201904181610/tools/bin/../lib/gcc/arm-none-eabi/7.3.1/../../../../arm-none-eabi/lib/thumb/v7e-m/fpv4-sp/hard\libc_nano.a(lib_a-nano-freer.o)
                              c:/users/sebbe/onedrive/dokument/stm32/stm32cubeide_1.3.0/stm32cubeide/plugins/com.st.stm32cube.ide.mcu.externaltools.gnu-tools-for-stm32.7-2018-q2-update.win32_1.0.0.201904181610/tools/bin/../lib/gcc/arm-none-eabi/7.3.1/../../../../arm-none-eabi/lib/thumb/v7e-m/fpv4-sp/hard\libc_nano.a(lib_a-malloc.o) (_free_r)
c:/users/sebbe/onedrive/dokument/stm32/stm32cubeide_1.3.0/stm32cubeide/plugins/com.st.stm32cube.ide.mcu.externaltools.gnu-tools-for-stm32.7-2018-q2-update.win32_1.0.0.201904181610/tools/bin/../lib/gcc/arm-none-eabi/7.3.1/../../../../arm-none-eabi/lib/thumb/v7e-m/fpv4-sp/hard\libc_nano.a(lib_a-nano-mallocr.o)
[...]
Memory Configuration

Name             Origin             Length             Attributes
RAM              0x0000000020000000 0x0000000000018000 xrw
RAM2             0x0000000010000000 0x0000000000008000 xrw
FLASH            0x0000000008000000 0x0000000000100000 xr
*default*        0x0000000000000000 0xffffffffffffffff

Linker script and memory map

LOAD c:/users/sebbe/onedrive/dokument/stm32/stm32cubeide_1.3.0/stm32cubeide/plugins/com.st.stm32cube.ide.mcu.externaltools.gnu-tools-for-stm32.7-2018-q2-update.win32_1.0.0.201904181610/tools/bin/../lib/gcc/arm-none-eabi/7.3.1/thumb/v7e-m/fpv4-sp/hard/crti.o
LOAD c:/users/sebbe/onedrive/dokument/stm32/stm32cubeide_1.3.0/stm32cubeide/plugins/com.st.stm32cube.ide.mcu.externaltools.gnu-tools-for-stm32.7-2018-q2-update.win32_1.0.0.201904181610/tools/bin/../lib/gcc/arm-none-eabi/7.3.1/thumb/v7e-m/fpv4-sp/hard/crtbegin.o
LOAD c:/users/sebbe/onedrive/dokument/stm32/stm32cubeide_1.3.0/stm32cubeide/plugins/com.st.stm32cube.ide.mcu.externaltools.gnu-tools-for-stm32.7-2018-q2-update.win32_1.0.0.201904181610/tools/bin/../lib/gcc/arm-none-eabi/7.3.1/../../../../arm-none-eabi/lib/thumb/v7e-m/fpv4-sp/hard/crt0.o
LOAD Core/Src/display_test.o
LOAD Core/Src/functions_menu.o
LOAD Core/Src/gpio.o
LOAD Core/Src/i2c.o
LOAD Core/Src/lcd.o
LOAD Core/Src/main.o
LOAD Core/Src/project.o
LOAD Core/Src/quadspi.o
LOAD Core/Src/sai.o
LOAD Core/Src/spi.o
LOAD Core/Src/ssd1306.o
LOAD Core/Src/ssd1306_fonts.o
LOAD Core/Src/ssd1306_tests.o
LOAD Core/Src/stm32l476g_discovery.o
LOAD Core/Src/stm32l476g_discovery_glass_lcd.o
LOAD Core/Src/stm32l4xx_hal_msp.o
LOAD Core/Src/stm32l4xx_it.o
LOAD Core/Src/sys.o
LOAD Core/Src/syscalls.o
LOAD Core/Src/sysmem.o
LOAD Core/Src/system_stm32l4xx.o
LOAD Core/Src/test.o
LOAD Core/Src/usart.o
LOAD Core/Startup/startup_stm32l476vgtx.o
LOAD Drivers/STM32L4xx_HAL_Driver/Src/stm32l4xx_hal.o
LOAD Drivers/STM32L4xx_HAL_Driver/Src/stm32l4xx_hal_cortex.o
LOAD Drivers/STM32L4xx_HAL_Driver/Src/stm32l4xx_hal_dma.o
LOAD Drivers/STM32L4xx_HAL_Driver/Src/stm32l4xx_hal_dma_ex.o
LOAD Drivers/STM32L4xx_HAL_Driver/Src/stm32l4xx_hal_exti.o
LOAD Drivers/STM32L4xx_HAL_Driver/Src/stm32l4xx_hal_flash.o
LOAD Drivers/STM32L4xx_HAL_Driver/Src/stm32l4xx_hal_flash_ex.o
LOAD Drivers/STM32L4xx_HAL_Driver/Src/stm32l4xx_hal_flash_ramfunc.o
LOAD Drivers/STM32L4xx_HAL_Driver/Src/stm32l4xx_hal_gpio.o
LOAD Drivers/STM32L4xx_HAL_Driver/Src/stm32l4xx_hal_hcd.o
LOAD Drivers/STM32L4xx_HAL_Driver/Src/stm32l4xx_hal_i2c.o
LOAD Drivers/STM32L4xx_HAL_Driver/Src/stm32l4xx_hal_i2c_ex.o
LOAD Drivers/STM32L4xx_HAL_Driver/Src/stm32l4xx_hal_lcd.o
LOAD Drivers/STM32L4xx_HAL_Driver/Src/stm32l4xx_hal_pwr.o
LOAD Drivers/STM32L4xx_HAL_Driver/Src/stm32l4xx_hal_pwr_ex.o
LOAD Drivers/STM32L4xx_HAL_Driver/Src/stm32l4xx_hal_qspi.o
LOAD Drivers/STM32L4xx_HAL_Driver/Src/stm32l4xx_hal_rcc.o
LOAD Drivers/STM32L4xx_HAL_Driver/Src/stm32l4xx_hal_rcc_ex.o
LOAD Drivers/STM32L4xx_HAL_Driver/Src/stm32l4xx_hal_sai.o
LOAD Drivers/STM32L4xx_HAL_Driver/Src/stm32l4xx_hal_sai_ex.o
LOAD Drivers/STM32L4xx_HAL_Driver/Src/stm32l4xx_hal_spi.o
LOAD Drivers/STM32L4xx_HAL_Driver/Src/stm32l4xx_hal_spi_ex.o
LOAD Drivers/STM32L4xx_HAL_Driver/Src/stm32l4xx_hal_tim.o
LOAD Drivers/STM32L4xx_HAL_Driver/Src/stm32l4xx_hal_tim_ex.o
LOAD Drivers/STM32L4xx_HAL_Driver/Src/stm32l4xx_hal_uart.o
LOAD Drivers/STM32L4xx_HAL_Driver/Src/stm32l4xx_hal_uart_ex.o
LOAD Drivers/STM32L4xx_HAL_Driver/Src/stm32l4xx_ll_usb.o
LOAD Middlewares/ST/STM32_USB_Host_Library/Class/CDC/Src/usbh_cdc.o
LOAD Middlewares/ST/STM32_USB_Host_Library/Core/Src/usbh_core.o
LOAD Middlewares/ST/STM32_USB_Host_Library/Core/Src/usbh_ctlreq.o
LOAD Middlewares/ST/STM32_USB_Host_Library/Core/Src/usbh_ioreq.o
LOAD Middlewares/ST/STM32_USB_Host_Library/Core/Src/usbh_pipes.o
LOAD USB_HOST/App/usb_host.o
LOAD USB_HOST/Target/usbh_conf.o
LOAD USB_HOST/Target/usbh_platform.o
START GROUP
LOAD c:/users/sebbe/onedrive/dokument/stm32/stm32cubeide_1.3.0/stm32cubeide/plugins/com.st.stm32cube.ide.mcu.externaltools.gnu-tools-for-stm32.7-2018-q2-update.win32_1.0.0.201904181610/tools/bin/../lib/gcc/arm-none-eabi/7.3.1/../../../../arm-none-eabi/lib/thumb/v7e-m/fpv4-sp/hard\libc_nano.a
LOAD c:/users/sebbe/onedrive/dokument/stm32/stm32cubeide_1.3.0/stm32cubeide/plugins/com.st.stm32cube.ide.mcu.externaltools.gnu-tools-for-stm32.7-2018-q2-update.win32_1.0.0.201904181610/tools/bin/../lib/gcc/arm-none-eabi/7.3.1/../../../../arm-none-eabi/lib/thumb/v7e-m/fpv4-sp/hard\libm.a
END GROUP
START GROUP
LOAD c:/users/sebbe/onedrive/dokument/stm32/stm32cubeide_1.3.0/stm32cubeide/plugins/com.st.stm32cube.ide.mcu.externaltools.gnu-tools-for-stm32.7-2018-q2-update.win32_1.0.0.201904181610/tools/bin/../lib/gcc/arm-none-eabi/7.3.1/thumb/v7e-m/fpv4-sp/hard\libgcc.a
LOAD c:/users/sebbe/onedrive/dokument/stm32/stm32cubeide_1.3.0/stm32cubeide/plugins/com.st.stm32cube.ide.mcu.externaltools.gnu-tools-for-stm32.7-2018-q2-update.win32_1.0.0.201904181610/tools/bin/../lib/gcc/arm-none-eabi/7.3.1/../../../../arm-none-eabi/lib/thumb/v7e-m/fpv4-sp/hard\libc_nano.a
END GROUP
START GROUP
LOAD c:/users/sebbe/onedrive/dokument/stm32/stm32cubeide_1.3.0/stm32cubeide/plugins/com.st.stm32cube.ide.mcu.externaltools.gnu-tools-for-stm32.7-2018-q2-update.win32_1.0.0.201904181610/tools/bin/../lib/gcc/arm-none-eabi/7.3.1/thumb/v7e-m/fpv4-sp/hard\libgcc.a
LOAD c:/users/sebbe/onedrive/dokument/stm32/stm32cubeide_1.3.0/stm32cubeide/plugins/com.st.stm32cube.ide.mcu.externaltools.gnu-tools-for-stm32.7-2018-q2-update.win32_1.0.0.201904181610/tools/bin/../lib/gcc/arm-none-eabi/7.3.1/../../../../arm-none-eabi/lib/thumb/v7e-m/fpv4-sp/hard\libc_nano.a
LOAD c:/users/sebbe/onedrive/dokument/stm32/stm32cubeide_1.3.0/stm32cubeide/plugins/com.st.stm32cube.ide.mcu.externaltools.gnu-tools-for-stm32.7-2018-q2-update.win32_1.0.0.201904181610/tools/bin/../lib/gcc/arm-none-eabi/7.3.1/../../../../arm-none-eabi/lib/thumb/v7e-m/fpv4-sp/hard\libnosys.a
END GROUP
START GROUP
LOAD c:/users/sebbe/onedrive/dokument/stm32/stm32cubeide_1.3.0/stm32cubeide/plugins/com.st.stm32cube.ide.mcu.externaltools.gnu-tools-for-stm32.7-2018-q2-update.win32_1.0.0.201904181610/tools/bin/../lib/gcc/arm-none-eabi/7.3.1/thumb/v7e-m/fpv4-sp/hard\libgcc.a
LOAD c:/users/sebbe/onedrive/dokument/stm32/stm32cubeide_1.3.0/stm32cubeide/plugins/com.st.stm32cube.ide.mcu.externaltools.gnu-tools-for-stm32.7-2018-q2-update.win32_1.0.0.201904181610/tools/bin/../lib/gcc/arm-none-eabi/7.3.1/../../../../arm-none-eabi/lib/thumb/v7e-m/fpv4-sp/hard\libc_nano.a
LOAD c:/users/sebbe/onedrive/dokument/stm32/stm32cubeide_1.3.0/stm32cubeide/plugins/com.st.stm32cube.ide.mcu.externaltools.gnu-tools-for-stm32.7-2018-q2-update.win32_1.0.0.201904181610/tools/bin/../lib/gcc/arm-none-eabi/7.3.1/../../../../arm-none-eabi/lib/thumb/v7e-m/fpv4-sp/hard\libnosys.a
END GROUP
LOAD c:/users/sebbe/onedrive/dokument/stm32/stm32cubeide_1.3.0/stm32cubeide/plugins/com.st.stm32cube.ide.mcu.externaltools.gnu-tools-for-stm32.7-2018-q2-update.win32_1.0.0.201904181610/tools/bin/../lib/gcc/arm-none-eabi/7.3.1/thumb/v7e-m/fpv4-sp/hard/crtend.o
LOAD c:/users/sebbe/onedrive/dokument/stm32/stm32cubeide_1.3.0/stm32cubeide/plugins/com.st.stm32cube.ide.mcu.externaltools.gnu-tools-for-stm32.7-2018-q2-update.win32_1.0.0.201904181610/tools/bin/../lib/gcc/arm-none-eabi/7.3.1/thumb/v7e-m/fpv4-sp/hard/crtn.o
                0x0000000020018000                _estack = (ORIGIN (RAM) + LENGTH (RAM))
                0x0000000000000200                _Min_Heap_Size = 0x200
                0x0000000000000400                _Min_Stack_Size = 0x400

.isr_vector     0x0000000008000000      0x188
                0x0000000008000000                . = ALIGN (0x4)
 *(.isr_vector)
 .isr_vector    0x0000000008000000      0x188 Core/Startup/startup_stm32l476vgtx.o
                0x0000000008000000                g_pfnVectors
                0x0000000008000188                . = ALIGN (0x4)

.text           0x0000000008000188     0xa20c
                0x0000000008000188                . = ALIGN (0x4)
 *(.text)
 .text          0x0000000008000188       0x40 c:/users/sebbe/onedrive/dokument/stm32/stm32cubeide_1.3.0/stm32cubeide/plugins/com.st.stm32cube.ide.mcu.externaltools.gnu-tools-for-stm32.7-2018-q2-update.win32_1.0.0.201904181610/tools/bin/../lib/gcc/arm-none-eabi/7.3.1/thumb/v7e-m/fpv4-sp/hard/crtbegin.o
 .text          0x00000000080001c8       0x30 c:/users/sebbe/onedrive/dokument/stm32/stm32cubeide_1.3.0/stm32cubeide/plugins/com.st.stm32cube.ide.mcu.externaltools.gnu-tools-for-stm32.7-2018-q2-update.win32_1.0.0.201904181610/tools/bin/../lib/gcc/arm-none-eabi/7.3.1/thumb/v7e-m/fpv4-sp/hard\libgcc.a(_aeabi_uldivmod.o)
                0x00000000080001c8                __aeabi_uldivmod
 .text          0x00000000080001f8      0x2cc c:/users/sebbe/onedrive/dokument/stm32/stm32cubeide_1.3.0/stm32cubeide/plugins/com.st.stm32cube.ide.mcu.externaltools.gnu-tools-for-stm32.7-2018-q2-update.win32_1.0.0.201904181610/tools/bin/../lib/gcc/arm-none-eabi/7.3.1/thumb/v7e-m/fpv4-sp/hard\libgcc.a(_udivmoddi4.o)
                0x00000000080001f8                __udivmoddi4
 .text          0x00000000080004c4        0x4 c:/users/sebbe/onedrive/dokument/stm32/stm32cubeide_1.3.0/stm32cubeide/plugins/com.st.stm32cube.ide.mcu.externaltools.gnu-tools-for-stm32.7-2018-q2-update.win32_1.0.0.201904181610/tools/bin/../lib/gcc/arm-none-eabi/7.3.1/thumb/v7e-m/fpv4-sp/hard\libgcc.a(_dvmd_tls.o)
                0x00000000080004c4                __aeabi_idiv0
                0x00000000080004c4                __aeabi_ldiv0
 *(.text*)
 .text.test_disp
                0x00000000080004c8       0x10 Core/Src/display_test.o
                0x00000000080004c8                test_disp
 .text.test_joystick
                0x00000000080004d8       0x40 Core/Src/display_test.o
                0x00000000080004d8                test_joystick
 .text.MX_GPIO_Init
                0x0000000008000518      0x278 Core/Src/gpio.o
                0x0000000008000518                MX_GPIO_Init
 .text.MX_I2C1_Init
                0x0000000008000790       0x80 Core/Src/i2c.o
                0x0000000008000790                MX_I2C1_Init
 .text.MX_I2C2_Init
                0x0000000008000810       0x80 Core/Src/i2c.o
                0x0000000008000810                MX_I2C2_Init
 .text.HAL_I2C_MspInit
                0x0000000008000890       0xe8 Core/Src/i2c.o
                0x0000000008000890                HAL_I2C_MspInit
 .text.MX_LCD_Init
                0x0000000008000978       0x70 Core/Src/lcd.o
                0x0000000008000978                MX_LCD_Init
 .text.HAL_LCD_MspInit
                0x00000000080009e8      0x144 Core/Src/lcd.o
                0x00000000080009e8                HAL_LCD_MspInit
 .text.main     0x0000000008000b2c       0x42 Core/Src/main.o
                0x0000000008000b2c                main
 *fill*         0x0000000008000b6e        0x2 
 .text.SystemClock_Config
                0x0000000008000b70      0x15c Core/Src/main.o
                0x0000000008000b70                SystemClock_Config
 .text.Error_Handler
                0x0000000008000ccc        0xe Core/Src/main.o
                0x0000000008000ccc                Error_Handler
 *fill*         0x0000000008000cda        0x2 
 .text.MX_QUADSPI_Init
                0x0000000008000cdc       0x4c Core/Src/quadspi.o
                0x0000000008000cdc                MX_QUADSPI_Init
 .text.HAL_QSPI_MspInit
                0x0000000008000d28       0x88 Core/Src/quadspi.o
                0x0000000008000d28                HAL_QSPI_MspInit
 .text.MX_SAI1_Init
                0x0000000008000db0      0x150 Core/Src/sai.o
                0x0000000008000db0                MX_SAI1_Init
 .text.HAL_SAI_MspInit
                0x0000000008000f00       0xf0 Core/Src/sai.o
                0x0000000008000f00                HAL_SAI_MspInit
 .text.MX_SPI2_Init
                0x0000000008000ff0       0x7c Core/Src/spi.o
                0x0000000008000ff0                MX_SPI2_Init
 .text.HAL_SPI_MspInit
                0x000000000800106c       0x88 Core/Src/spi.o
                0x000000000800106c                HAL_SPI_MspInit
 .text.ssd1306_Reset
                0x00000000080010f4        0xe Core/Src/ssd1306.o
                0x00000000080010f4                ssd1306_Reset
 *fill*         0x0000000008001102        0x2 
 .text.ssd1306_WriteCommand
                0x0000000008001104       0x30 Core/Src/ssd1306.o
                0x0000000008001104                ssd1306_WriteCommand
 .text.ssd1306_WriteData
                0x0000000008001134       0x34 Core/Src/ssd1306.o
                0x0000000008001134                ssd1306_WriteData
 .text.ssd1306_Init
                0x0000000008001168       0xdc Core/Src/ssd1306.o
                0x0000000008001168                ssd1306_Init
 .text.ssd1306_Fill
                0x0000000008001244       0x44 Core/Src/ssd1306.o
                0x0000000008001244                ssd1306_Fill
 .text.ssd1306_UpdateScreen
                0x0000000008001288       0x4c Core/Src/ssd1306.o
                0x0000000008001288                ssd1306_UpdateScreen
 .text.ssd1306_DrawPixel
                0x00000000080012d4       0xc0 Core/Src/ssd1306.o
                0x00000000080012d4                ssd1306_DrawPixel
 .text.ssd1306_WriteChar
                0x0000000008001394      0x110 Core/Src/ssd1306.o
                0x0000000008001394                ssd1306_WriteChar
 .text.ssd1306_WriteString
                0x00000000080014a4       0x4c Core/Src/ssd1306.o
                0x00000000080014a4                ssd1306_WriteString
 .text.ssd1306_SetCursor
                0x00000000080014f0       0x30 Core/Src/ssd1306.o
                0x00000000080014f0                ssd1306_SetCursor
 .text.HAL_MspInit
                0x0000000008001520       0x48 Core/Src/stm32l4xx_hal_msp.o
                0x0000000008001520                HAL_MspInit
 .text.NMI_Handler
                0x0000000008001568        0xe Core/Src/stm32l4xx_it.o
                0x0000000008001568                NMI_Handler
 .text.HardFault_Handler
                0x0000000008001576        0x6 Core/Src/stm32l4xx_it.o
                0x0000000008001576                HardFault_Handler
 .text.MemManage_Handler
                0x000000000800157c        0x6 Core/Src/stm32l4xx_it.o
                0x000000000800157c                MemManage_Handler
 .text.BusFault_Handler
                0x0000000008001582        0x6 Core/Src/stm32l4xx_it.o
                0x0000000008001582                BusFault_Handler
 .text.UsageFault_Handler
                0x0000000008001588        0x6 Core/Src/stm32l4xx_it.o
                0x0000000008001588                UsageFault_Handler
 .text.SVC_Handler
                0x000000000800158e        0xe Core/Src/stm32l4xx_it.o
                0x000000000800158e                SVC_Handler
 .text.DebugMon_Handler
                0x000000000800159c        0xe Core/Src/stm32l4xx_it.o
                0x000000000800159c                DebugMon_Handler
 .text.PendSV_Handler
                0x00000000080015aa        0xe Core/Src/stm32l4xx_it.o
                0x00000000080015aa                PendSV_Handler
 .text.SysTick_Handler
                0x00000000080015b8        0xc Core/Src/stm32l4xx_it.o
                0x00000000080015b8                SysTick_Handler
 .text.OTG_FS_IRQHandler
                0x00000000080015c4       0x14 Core/Src/stm32l4xx_it.o
                0x00000000080015c4                OTG_FS_IRQHandler
 .text._sbrk    0x00000000080015d8       0x58 Core/Src/sysmem.o
                0x00000000080015d8                _sbrk
 .text.SystemInit
                0x0000000008001630       0x6c Core/Src/system_stm32l4xx.o
                0x0000000008001630                SystemInit
 .text.MX_UART4_Init
                0x000000000800169c       0x60 Core/Src/usart.o
                0x000000000800169c                MX_UART4_Init
 .text.MX_UART5_Init
                0x00000000080016fc       0x60 Core/Src/usart.o
                0x00000000080016fc                MX_UART5_Init
 .text.MX_USART2_UART_Init
                0x000000000800175c       0x60 Core/Src/usart.o
                0x000000000800175c                MX_USART2_UART_Init
 .text.HAL_UART_MspInit
                0x00000000080017bc      0x150 Core/Src/usart.o
                0x00000000080017bc                HAL_UART_MspInit
 .text.Reset_Handler
                0x000000000800190c       0x50 Core/Startup/startup_stm32l476vgtx.o
                0x000000000800190c                Reset_Handler
 .text.Default_Handler
                0x000000000800195c        0x2 Core/Startup/startup_stm32l476vgtx.o
                0x000000000800195c                RTC_Alarm_IRQHandler
                0x000000000800195c                EXTI2_IRQHandler
                0x000000000800195c                TIM8_TRG_COM_IRQHandler
                0x000000000800195c                TIM8_CC_IRQHandler
                0x000000000800195c                TIM1_CC_IRQHandler
                0x000000000800195c                TSC_IRQHandler
                0x000000000800195c                TAMP_STAMP_IRQHandler
                0x000000000800195c                EXTI3_IRQHandler
                0x000000000800195c                LPTIM2_IRQHandler
                0x000000000800195c                DFSDM1_FLT1_IRQHandler
                0x000000000800195c                I2C3_ER_IRQHandler
                0x000000000800195c                DFSDM1_FLT2_IRQHandler
                0x000000000800195c                EXTI0_IRQHandler
                0x000000000800195c                I2C2_EV_IRQHandler
                0x000000000800195c                CAN1_RX0_IRQHandler
                0x000000000800195c                FPU_IRQHandler
                0x000000000800195c                TIM1_UP_TIM16_IRQHandler
                0x000000000800195c                ADC1_2_IRQHandler
                0x000000000800195c                SPI1_IRQHandler
                0x000000000800195c                TIM6_DAC_IRQHandler
                0x000000000800195c                TIM8_UP_IRQHandler
                0x000000000800195c                DMA2_Channel2_IRQHandler
                0x000000000800195c                DMA1_Channel4_IRQHandler
                0x000000000800195c                SAI2_IRQHandler
                0x000000000800195c                DFSDM1_FLT3_IRQHandler
                0x000000000800195c                USART3_IRQHandler
                0x000000000800195c                DMA1_Channel7_IRQHandler
                0x000000000800195c                CAN1_RX1_IRQHandler
                0x000000000800195c                LCD_IRQHandler
                0x000000000800195c                UART5_IRQHandler
                0x000000000800195c                ADC3_IRQHandler
                0x000000000800195c                TIM4_IRQHandler
                0x000000000800195c                DMA2_Channel1_IRQHandler
                0x000000000800195c                QUADSPI_IRQHandler
                0x000000000800195c                I2C1_EV_IRQHandler
                0x000000000800195c                DMA1_Channel6_IRQHandler
                0x000000000800195c                UART4_IRQHandler
                0x000000000800195c                DMA2_Channel4_IRQHandler
                0x000000000800195c                TIM3_IRQHandler
                0x000000000800195c                RCC_IRQHandler
                0x000000000800195c                DMA1_Channel1_IRQHandler
                0x000000000800195c                Default_Handler
                0x000000000800195c                DMA2_Channel7_IRQHandler
                0x000000000800195c                EXTI15_10_IRQHandler
                0x000000000800195c                TIM7_IRQHandler
                0x000000000800195c                SDMMC1_IRQHandler
                0x000000000800195c                TIM5_IRQHandler
                0x000000000800195c                I2C3_EV_IRQHandler
                0x000000000800195c                EXTI9_5_IRQHandler
                0x000000000800195c                RTC_WKUP_IRQHandler
                0x000000000800195c                PVD_PVM_IRQHandler
                0x000000000800195c                SPI2_IRQHandler
                0x000000000800195c                CAN1_TX_IRQHandler
                0x000000000800195c                DMA2_Channel5_IRQHandler
                0x000000000800195c                DMA1_Channel5_IRQHandler
                0x000000000800195c                EXTI4_IRQHandler
                0x000000000800195c                RNG_IRQHandler
                0x000000000800195c                TIM1_TRG_COM_TIM17_IRQHandler
                0x000000000800195c                DMA1_Channel3_IRQHandler
                0x000000000800195c                COMP_IRQHandler
                0x000000000800195c                WWDG_IRQHandler
                0x000000000800195c                LPUART1_IRQHandler
                0x000000000800195c                DMA2_Channel6_IRQHandler
                0x000000000800195c                TIM2_IRQHandler
                0x000000000800195c                EXTI1_IRQHandler
                0x000000000800195c                USART2_IRQHandler
                0x000000000800195c                DFSDM1_FLT0_IRQHandler
                0x000000000800195c                I2C2_ER_IRQHandler
                0x000000000800195c                DMA1_Channel2_IRQHandler
                0x000000000800195c                TIM8_BRK_IRQHandler
                0x000000000800195c                CAN1_SCE_IRQHandler
                0x000000000800195c                FLASH_IRQHandler
                0x000000000800195c                USART1_IRQHandler
                0x000000000800195c                SPI3_IRQHandler
                0x000000000800195c                I2C1_ER_IRQHandler
                0x000000000800195c                FMC_IRQHandler
                0x000000000800195c                SWPMI1_IRQHandler
                0x000000000800195c                LPTIM1_IRQHandler
                0x000000000800195c                SAI1_IRQHandler
                0x000000000800195c                DMA2_Channel3_IRQHandler
                0x000000000800195c                TIM1_BRK_TIM15_IRQHandler
 *fill*         0x000000000800195e        0x2 
 .text.HAL_Init
                0x0000000008001960       0x40 Drivers/STM32L4xx_HAL_Driver/Src/stm32l4xx_hal.o
                0x0000000008001960                HAL_Init
 .text.HAL_InitTick
                0x00000000080019a0       0x74 Drivers/STM32L4xx_HAL_Driver/Src/stm32l4xx_hal.o
                0x00000000080019a0                HAL_InitTick
 .text.HAL_IncTick
                0x0000000008001a14       0x24 Drivers/STM32L4xx_HAL_Driver/Src/stm32l4xx_hal.o
                0x0000000008001a14                HAL_IncTick
 .text.HAL_GetTick
                0x0000000008001a38       0x18 Drivers/STM32L4xx_HAL_Driver/Src/stm32l4xx_hal.o
                0x0000000008001a38                HAL_GetTick
 .text.HAL_Delay
                0x0000000008001a50       0x44 Drivers/STM32L4xx_HAL_Driver/Src/stm32l4xx_hal.o
                0x0000000008001a50                HAL_Delay
 .text.__NVIC_SetPriorityGrouping
                0x0000000008001a94       0x48 Drivers/STM32L4xx_HAL_Driver/Src/stm32l4xx_hal_cortex.o
 .text.__NVIC_GetPriorityGrouping
                0x0000000008001adc       0x1c Drivers/STM32L4xx_HAL_Driver/Src/stm32l4xx_hal_cortex.o
 .text.__NVIC_EnableIRQ
                0x0000000008001af8       0x3c Drivers/STM32L4xx_HAL_Driver/Src/stm32l4xx_hal_cortex.o
 .text.__NVIC_SetPriority
                0x0000000008001b34       0x54 Drivers/STM32L4xx_HAL_Driver/Src/stm32l4xx_hal_cortex.o
 .text.NVIC_EncodePriority
                0x0000000008001b88       0x66 Drivers/STM32L4xx_HAL_Driver/Src/stm32l4xx_hal_cortex.o
 *fill*         0x0000000008001bee        0x2 
 .text.SysTick_Config
                0x0000000008001bf0       0x44 Drivers/STM32L4xx_HAL_Driver/Src/stm32l4xx_hal_cortex.o
 .text.HAL_NVIC_SetPriorityGrouping
                0x0000000008001c34       0x16 Drivers/STM32L4xx_HAL_Driver/Src/stm32l4xx_hal_cortex.o
                0x0000000008001c34                HAL_NVIC_SetPriorityGrouping
 .text.HAL_NVIC_SetPriority
                0x0000000008001c4a       0x38 Drivers/STM32L4xx_HAL_Driver/Src/stm32l4xx_hal_cortex.o
                0x0000000008001c4a                HAL_NVIC_SetPriority
 .text.HAL_NVIC_EnableIRQ
                0x0000000008001c82       0x1c Drivers/STM32L4xx_HAL_Driver/Src/stm32l4xx_hal_cortex.o
                0x0000000008001c82                HAL_NVIC_EnableIRQ
 .text.HAL_SYSTICK_Config
                0x0000000008001c9e       0x18 Drivers/STM32L4xx_HAL_Driver/Src/stm32l4xx_hal_cortex.o
                0x0000000008001c9e                HAL_SYSTICK_Config
 *fill*         0x0000000008001cb6        0x2 
 .text.HAL_GPIO_Init
                0x0000000008001cb8      0x350 Drivers/STM32L4xx_HAL_Driver/Src/stm32l4xx_hal_gpio.o
                0x0000000008001cb8                HAL_GPIO_Init
 .text.HAL_GPIO_ReadPin
                0x0000000008002008       0x30 Drivers/STM32L4xx_HAL_Driver/Src/stm32l4xx_hal_gpio.o
                0x0000000008002008                HAL_GPIO_ReadPin
 .text.HAL_GPIO_WritePin
                0x0000000008002038       0x30 Drivers/STM32L4xx_HAL_Driver/Src/stm32l4xx_hal_gpio.o
                0x0000000008002038                HAL_GPIO_WritePin
 .text.HAL_HCD_Init
                0x0000000008002068       0xc4 Drivers/STM32L4xx_HAL_Driver/Src/stm32l4xx_hal_hcd.o
                0x0000000008002068                HAL_HCD_Init
 .text.HAL_HCD_HC_Init
                0x000000000800212c      0x130 Drivers/STM32L4xx_HAL_Driver/Src/stm32l4xx_hal_hcd.o
                0x000000000800212c                HAL_HCD_HC_Init
 .text.HAL_HCD_HC_Halt
                0x000000000800225c       0x46 Drivers/STM32L4xx_HAL_Driver/Src/stm32l4xx_hal_hcd.o
                0x000000000800225c                HAL_HCD_HC_Halt
 *fill*         0x00000000080022a2        0x2 
 .text.HAL_HCD_HC_SubmitRequest
                0x00000000080022a4      0x2c8 Drivers/STM32L4xx_HAL_Driver/Src/stm32l4xx_hal_hcd.o
                0x00000000080022a4                HAL_HCD_HC_SubmitRequest
 .text.HAL_HCD_IRQHandler
                0x000000000800256c      0x20c Drivers/STM32L4xx_HAL_Driver/Src/stm32l4xx_hal_hcd.o
                0x000000000800256c                HAL_HCD_IRQHandler
 .text.HAL_HCD_Start
                0x0000000008002778       0x46 Drivers/STM32L4xx_HAL_Driver/Src/stm32l4xx_hal_hcd.o
                0x0000000008002778                HAL_HCD_Start
 .text.HAL_HCD_Stop
                0x00000000080027be       0x3a Drivers/STM32L4xx_HAL_Driver/Src/stm32l4xx_hal_hcd.o
                0x00000000080027be                HAL_HCD_Stop
 .text.HAL_HCD_ResetPort
                0x00000000080027f8       0x1c Drivers/STM32L4xx_HAL_Driver/Src/stm32l4xx_hal_hcd.o
                0x00000000080027f8                HAL_HCD_ResetPort
 .text.HAL_HCD_HC_GetURBState
                0x0000000008002814       0x2a Drivers/STM32L4xx_HAL_Driver/Src/stm32l4xx_hal_hcd.o
                0x0000000008002814                HAL_HCD_HC_GetURBState
 .text.HAL_HCD_HC_GetXferCount
                0x000000000800283e       0x2a Drivers/STM32L4xx_HAL_Driver/Src/stm32l4xx_hal_hcd.o
                0x000000000800283e                HAL_HCD_HC_GetXferCount
 .text.HAL_HCD_GetCurrentFrame
                0x0000000008002868       0x1c Drivers/STM32L4xx_HAL_Driver/Src/stm32l4xx_hal_hcd.o
                0x0000000008002868                HAL_HCD_GetCurrentFrame
 .text.HAL_HCD_GetCurrentSpeed
                0x0000000008002884       0x1c Drivers/STM32L4xx_HAL_Driver/Src/stm32l4xx_hal_hcd.o
                0x0000000008002884                HAL_HCD_GetCurrentSpeed
 .text.HCD_HC_IN_IRQHandler
                0x00000000080028a0      0x6e6 Drivers/STM32L4xx_HAL_Driver/Src/stm32l4xx_hal_hcd.o
 .text.HCD_HC_OUT_IRQHandler
                0x0000000008002f86      0x6aa Drivers/STM32L4xx_HAL_Driver/Src/stm32l4xx_hal_hcd.o
 .text.HCD_RXQLVL_IRQHandler
                0x0000000008003630      0x158 Drivers/STM32L4xx_HAL_Driver/Src/stm32l4xx_hal_hcd.o
 .text.HCD_Port_IRQHandler
                0x0000000008003788      0x120 Drivers/STM32L4xx_HAL_Driver/Src/stm32l4xx_hal_hcd.o
 .text.HAL_I2C_Init
                0x00000000080038a8      0x11e Drivers/STM32L4xx_HAL_Driver/Src/stm32l4xx_hal_i2c.o
                0x00000000080038a8                HAL_I2C_Init
 *fill*         0x00000000080039c6        0x2 
 .text.HAL_I2C_Mem_Write
                0x00000000080039c8      0x228 Drivers/STM32L4xx_HAL_Driver/Src/stm32l4xx_hal_i2c.o
                0x00000000080039c8                HAL_I2C_Mem_Write
 .text.I2C_RequestMemoryWrite
                0x0000000008003bf0       0xa8 Drivers/STM32L4xx_HAL_Driver/Src/stm32l4xx_hal_i2c.o
 .text.I2C_Flush_TXDR
                0x0000000008003c98       0x48 Drivers/STM32L4xx_HAL_Driver/Src/stm32l4xx_hal_i2c.o
 .text.I2C_WaitOnFlagUntilTimeout
                0x0000000008003ce0       0x80 Drivers/STM32L4xx_HAL_Driver/Src/stm32l4xx_hal_i2c.o
 .text.I2C_WaitOnTXISFlagUntilTimeout
                0x0000000008003d60       0x80 Drivers/STM32L4xx_HAL_Driver/Src/stm32l4xx_hal_i2c.o
 .text.I2C_WaitOnSTOPFlagUntilTimeout
                0x0000000008003de0       0x78 Drivers/STM32L4xx_HAL_Driver/Src/stm32l4xx_hal_i2c.o
 .text.I2C_IsAcknowledgeFailed
                0x0000000008003e58       0xcc Drivers/STM32L4xx_HAL_Driver/Src/stm32l4xx_hal_i2c.o
 .text.I2C_TransferConfig
                0x0000000008003f24       0x5c Drivers/STM32L4xx_HAL_Driver/Src/stm32l4xx_hal_i2c.o
 .text.HAL_I2CEx_ConfigAnalogFilter
                0x0000000008003f80       0x96 Drivers/STM32L4xx_HAL_Driver/Src/stm32l4xx_hal_i2c_ex.o
                0x0000000008003f80                HAL_I2CEx_ConfigAnalogFilter
 .text.HAL_I2CEx_ConfigDigitalFilter
                0x0000000008004016       0x98 Drivers/STM32L4xx_HAL_Driver/Src/stm32l4xx_hal_i2c_ex.o
                0x0000000008004016                HAL_I2CEx_ConfigDigitalFilter
 *fill*         0x00000000080040ae        0x2 
 .text.HAL_LCD_Init
                0x00000000080040b0      0x180 Drivers/STM32L4xx_HAL_Driver/Src/stm32l4xx_hal_lcd.o
                0x00000000080040b0                HAL_LCD_Init
 .text.LCD_WaitForSynchro
                0x0000000008004230       0x42 Drivers/STM32L4xx_HAL_Driver/Src/stm32l4xx_hal_lcd.o
                0x0000000008004230                LCD_WaitForSynchro
 *fill*         0x0000000008004272        0x2 
 .text.HAL_PWR_EnableBkUpAccess
                0x0000000008004274       0x20 Drivers/STM32L4xx_HAL_Driver/Src/stm32l4xx_hal_pwr.o
                0x0000000008004274                HAL_PWR_EnableBkUpAccess
 .text.HAL_PWREx_GetVoltageRange
                0x0000000008004294       0x1c Drivers/STM32L4xx_HAL_Driver/Src/stm32l4xx_hal_pwr_ex.o
                0x0000000008004294                HAL_PWREx_GetVoltageRange
 .text.HAL_PWREx_ControlVoltageScaling
                0x00000000080042b0       0xac Drivers/STM32L4xx_HAL_Driver/Src/stm32l4xx_hal_pwr_ex.o
                0x00000000080042b0                HAL_PWREx_ControlVoltageScaling
 .text.HAL_PWREx_EnableVddUSB
                0x000000000800435c       0x20 Drivers/STM32L4xx_HAL_Driver/Src/stm32l4xx_hal_pwr_ex.o
                0x000000000800435c                HAL_PWREx_EnableVddUSB
 .text.HAL_QSPI_Init
                0x000000000800437c      0x104 Drivers/STM32L4xx_HAL_Driver/Src/stm32l4xx_hal_qspi.o
                0x000000000800437c                HAL_QSPI_Init
 .text.HAL_QSPI_SetTimeout
                0x0000000008004480       0x1c Drivers/STM32L4xx_HAL_Driver/Src/stm32l4xx_hal_qspi.o
                0x0000000008004480                HAL_QSPI_SetTimeout
 .text.QSPI_WaitFlagStateUntilTimeout
                0x000000000800449c       0x6e Drivers/STM32L4xx_HAL_Driver/Src/stm32l4xx_hal_qspi.o
 *fill*         0x000000000800450a        0x2 
 .text.HAL_RCC_OscConfig
                0x000000000800450c      0x760 Drivers/STM32L4xx_HAL_Driver/Src/stm32l4xx_hal_rcc.o
                0x000000000800450c                HAL_RCC_OscConfig
 .text.HAL_RCC_ClockConfig
                0x0000000008004c6c      0x1c4 Drivers/STM32L4xx_HAL_Driver/Src/stm32l4xx_hal_rcc.o
                0x0000000008004c6c                HAL_RCC_ClockConfig
 .text.HAL_RCC_GetSysClockFreq
                0x0000000008004e30      0x114 Drivers/STM32L4xx_HAL_Driver/Src/stm32l4xx_hal_rcc.o
                0x0000000008004e30                HAL_RCC_GetSysClockFreq
 .text.HAL_RCC_GetHCLKFreq
                0x0000000008004f44       0x18 Drivers/STM32L4xx_HAL_Driver/Src/stm32l4xx_hal_rcc.o
                0x0000000008004f44                HAL_RCC_GetHCLKFreq
 .text.HAL_RCC_GetPCLK1Freq
                0x0000000008004f5c       0x2c Drivers/STM32L4xx_HAL_Driver/Src/stm32l4xx_hal_rcc.o
                0x0000000008004f5c                HAL_RCC_GetPCLK1Freq
 .text.HAL_RCC_GetPCLK2Freq
                0x0000000008004f88       0x2c Drivers/STM32L4xx_HAL_Driver/Src/stm32l4xx_hal_rcc.o
                0x0000000008004f88                HAL_RCC_GetPCLK2Freq
 .text.RCC_SetFlashLatencyFromMSIRange
                0x0000000008004fb4       0xc0 Drivers/STM32L4xx_HAL_Driver/Src/stm32l4xx_hal_rcc.o
 .text.HAL_RCCEx_PeriphCLKConfig
                0x0000000008005074      0x5cc Drivers/STM32L4xx_HAL_Driver/Src/stm32l4xx_hal_rcc_ex.o
                0x0000000008005074                HAL_RCCEx_PeriphCLKConfig
 .text.HAL_RCCEx_GetPeriphCLKFreq
                0x0000000008005640      0x8f0 Drivers/STM32L4xx_HAL_Driver/Src/stm32l4xx_hal_rcc_ex.o
                0x0000000008005640                HAL_RCCEx_GetPeriphCLKFreq
 .text.HAL_RCCEx_EnableMSIPLLMode
                0x0000000008005f30       0x20 Drivers/STM32L4xx_HAL_Driver/Src/stm32l4xx_hal_rcc_ex.o
                0x0000000008005f30                HAL_RCCEx_EnableMSIPLLMode
 .text.RCCEx_PLLSAI1_Config
                0x0000000008005f50      0x1e0 Drivers/STM32L4xx_HAL_Driver/Src/stm32l4xx_hal_rcc_ex.o
 .text.RCCEx_PLLSAI2_Config
                0x0000000008006130      0x1b4 Drivers/STM32L4xx_HAL_Driver/Src/stm32l4xx_hal_rcc_ex.o
 .text.RCCEx_GetSAIxPeriphCLKFreq
                0x00000000080062e4      0x1b0 Drivers/STM32L4xx_HAL_Driver/Src/stm32l4xx_hal_rcc_ex.o
 .text.HAL_SAI_Init
                0x0000000008006494      0x2cc Drivers/STM32L4xx_HAL_Driver/Src/stm32l4xx_hal_sai.o
                0x0000000008006494                HAL_SAI_Init
 .text.SAI_Disable
                0x0000000008006760       0x68 Drivers/STM32L4xx_HAL_Driver/Src/stm32l4xx_hal_sai.o
 .text.HAL_SPI_Init
                0x00000000080067c8      0x114 Drivers/STM32L4xx_HAL_Driver/Src/stm32l4xx_hal_spi.o
                0x00000000080067c8                HAL_SPI_Init
 .text.HAL_UART_Init
                0x00000000080068dc       0x9c Drivers/STM32L4xx_HAL_Driver/Src/stm32l4xx_hal_uart.o
                0x00000000080068dc                HAL_UART_Init
 .text.HAL_HalfDuplex_Init
                0x0000000008006978       0xac Drivers/STM32L4xx_HAL_Driver/Src/stm32l4xx_hal_uart.o
                0x0000000008006978                HAL_HalfDuplex_Init
 .text.UART_SetConfig
                0x0000000008006a24      0x690 Drivers/STM32L4xx_HAL_Driver/Src/stm32l4xx_hal_uart.o
                0x0000000008006a24                UART_SetConfig
 .text.UART_AdvFeatureConfig
                0x00000000080070b4      0x144 Drivers/STM32L4xx_HAL_Driver/Src/stm32l4xx_hal_uart.o
                0x00000000080070b4                UART_AdvFeatureConfig
 .text.UART_CheckIdleState
                0x00000000080071f8       0x8a Drivers/STM32L4xx_HAL_Driver/Src/stm32l4xx_hal_uart.o
                0x00000000080071f8                UART_CheckIdleState
 .text.UART_WaitOnFlagUntilTimeout
                0x0000000008007282       0x90 Drivers/STM32L4xx_HAL_Driver/Src/stm32l4xx_hal_uart.o
                0x0000000008007282                UART_WaitOnFlagUntilTimeout
 .text.USB_CoreInit
                0x0000000008007312       0xa4 Drivers/STM32L4xx_HAL_Driver/Src/stm32l4xx_ll_usb.o
                0x0000000008007312                USB_CoreInit
 .text.USB_EnableGlobalInt
                0x00000000080073b6       0x22 Drivers/STM32L4xx_HAL_Driver/Src/stm32l4xx_ll_usb.o
                0x00000000080073b6                USB_EnableGlobalInt
 .text.USB_DisableGlobalInt
                0x00000000080073d8       0x22 Drivers/STM32L4xx_HAL_Driver/Src/stm32l4xx_ll_usb.o
                0x00000000080073d8                USB_DisableGlobalInt
 .text.USB_SetCurrentMode
                0x00000000080073fa       0x54 Drivers/STM32L4xx_HAL_Driver/Src/stm32l4xx_ll_usb.o
                0x00000000080073fa                USB_SetCurrentMode
 *fill*         0x000000000800744e        0x2 
 .text.USB_FlushTxFifo
                0x0000000008007450       0x4c Drivers/STM32L4xx_HAL_Driver/Src/stm32l4xx_ll_usb.o
                0x0000000008007450                USB_FlushTxFifo
 .text.USB_FlushRxFifo
                0x000000000800749c       0x44 Drivers/STM32L4xx_HAL_Driver/Src/stm32l4xx_ll_usb.o
                0x000000000800749c                USB_FlushRxFifo
 .text.USB_WritePacket
                0x00000000080074e0       0x62 Drivers/STM32L4xx_HAL_Driver/Src/stm32l4xx_ll_usb.o
                0x00000000080074e0                USB_WritePacket
 .text.USB_ReadPacket
                0x0000000008007542       0x52 Drivers/STM32L4xx_HAL_Driver/Src/stm32l4xx_ll_usb.o
                0x0000000008007542                USB_ReadPacket
 .text.USB_ReadInterrupts
                0x0000000008007594       0x26 Drivers/STM32L4xx_HAL_Driver/Src/stm32l4xx_ll_usb.o
                0x0000000008007594                USB_ReadInterrupts
 .text.USB_GetMode
                0x00000000080075ba       0x1c Drivers/STM32L4xx_HAL_Driver/Src/stm32l4xx_ll_usb.o
                0x00000000080075ba                USB_GetMode
 *fill*         0x00000000080075d6        0x2 
 .text.USB_CoreReset
                0x00000000080075d8       0x68 Drivers/STM32L4xx_HAL_Driver/Src/stm32l4xx_ll_usb.o
 .text.USB_HostInit
                0x0000000008007640       0xfc Drivers/STM32L4xx_HAL_Driver/Src/stm32l4xx_ll_usb.o
                0x0000000008007640                USB_HostInit
 .text.USB_InitFSLSPClkSel
                0x000000000800773c       0x74 Drivers/STM32L4xx_HAL_Driver/Src/stm32l4xx_ll_usb.o
                0x000000000800773c                USB_InitFSLSPClkSel
 .text.USB_ResetPort
                0x00000000080077b0       0x54 Drivers/STM32L4xx_HAL_Driver/Src/stm32l4xx_ll_usb.o
                0x00000000080077b0                USB_ResetPort
 .text.USB_DriveVbus
                0x0000000008007804       0x72 Drivers/STM32L4xx_HAL_Driver/Src/stm32l4xx_ll_usb.o
                0x0000000008007804                USB_DriveVbus
 .text.USB_GetHostSpeed
                0x0000000008007876       0x2e Drivers/STM32L4xx_HAL_Driver/Src/stm32l4xx_ll_usb.o
                0x0000000008007876                USB_GetHostSpeed
 .text.USB_GetCurrentFrame
                0x00000000080078a4       0x22 Drivers/STM32L4xx_HAL_Driver/Src/stm32l4xx_ll_usb.o
                0x00000000080078a4                USB_GetCurrentFrame
 *fill*         0x00000000080078c6        0x2 
 .text.USB_HC_Init
                0x00000000080078c8      0x1e4 Drivers/STM32L4xx_HAL_Driver/Src/stm32l4xx_ll_usb.o
                0x00000000080078c8                USB_HC_Init
 .text.USB_HC_StartXfer
                0x0000000008007aac      0x200 Drivers/STM32L4xx_HAL_Driver/Src/stm32l4xx_ll_usb.o
                0x0000000008007aac                USB_HC_StartXfer
 .text.USB_HC_ReadInterrupt
                0x0000000008007cac       0x22 Drivers/STM32L4xx_HAL_Driver/Src/stm32l4xx_ll_usb.o
                0x0000000008007cac                USB_HC_ReadInterrupt
 .text.USB_HC_Halt
                0x0000000008007cce      0x1fe Drivers/STM32L4xx_HAL_Driver/Src/stm32l4xx_ll_usb.o
                0x0000000008007cce                USB_HC_Halt
 .text.USB_StopHost
                0x0000000008007ecc      0x10c Drivers/STM32L4xx_HAL_Driver/Src/stm32l4xx_ll_usb.o
                0x0000000008007ecc                USB_StopHost
 .text.USBH_CDC_InterfaceInit
                0x0000000008007fd8      0x282 Middlewares/ST/STM32_USB_Host_Library/Class/CDC/Src/usbh_cdc.o
 .text.USBH_CDC_InterfaceDeInit
                0x000000000800825a       0xb2 Middlewares/ST/STM32_USB_Host_Library/Class/CDC/Src/usbh_cdc.o
 .text.USBH_CDC_ClassRequest
                0x000000000800830c       0x42 Middlewares/ST/STM32_USB_Host_Library/Class/CDC/Src/usbh_cdc.o
 *fill*         0x000000000800834e        0x2 
 .text.USBH_CDC_Process
                0x0000000008008350      0x12c Middlewares/ST/STM32_USB_Host_Library/Class/CDC/Src/usbh_cdc.o
 .text.USBH_CDC_SOFProcess
                0x000000000800847c       0x16 Middlewares/ST/STM32_USB_Host_Library/Class/CDC/Src/usbh_cdc.o
 .text.GetLineCoding
                0x0000000008008492       0x3e Middlewares/ST/STM32_USB_Host_Library/Class/CDC/Src/usbh_cdc.o
 .text.SetLineCoding
                0x00000000080084d0       0x3e Middlewares/ST/STM32_USB_Host_Library/Class/CDC/Src/usbh_cdc.o
 .text.CDC_ProcessTransmission
                0x000000000800850e       0xf0 Middlewares/ST/STM32_USB_Host_Library/Class/CDC/Src/usbh_cdc.o
 .text.CDC_ProcessReception
                0x00000000080085fe       0xb6 Middlewares/ST/STM32_USB_Host_Library/Class/CDC/Src/usbh_cdc.o
 .text.USBH_CDC_TransmitCallback
                0x00000000080086b4       0x14 Middlewares/ST/STM32_USB_Host_Library/Class/CDC/Src/usbh_cdc.o
                0x00000000080086b4                USBH_CDC_TransmitCallback
 .text.USBH_CDC_ReceiveCallback
                0x00000000080086c8       0x14 Middlewares/ST/STM32_USB_Host_Library/Class/CDC/Src/usbh_cdc.o
                0x00000000080086c8                USBH_CDC_ReceiveCallback
 .text.USBH_CDC_LineCodingChanged
                0x00000000080086dc       0x14 Middlewares/ST/STM32_USB_Host_Library/Class/CDC/Src/usbh_cdc.o
                0x00000000080086dc                USBH_CDC_LineCodingChanged
 .text.USBH_Init
                0x00000000080086f0       0x54 Middlewares/ST/STM32_USB_Host_Library/Core/Src/usbh_core.o
                0x00000000080086f0                USBH_Init
 .text.DeInitStateMachine
                0x0000000008008744       0x92 Middlewares/ST/STM32_USB_Host_Library/Core/Src/usbh_core.o
 .text.USBH_RegisterClass
                0x00000000080087d6       0x56 Middlewares/ST/STM32_USB_Host_Library/Core/Src/usbh_core.o
                0x00000000080087d6                USBH_RegisterClass
 .text.USBH_SelectInterface
                0x000000000800882c       0x38 Middlewares/ST/STM32_USB_Host_Library/Core/Src/usbh_core.o
                0x000000000800882c                USBH_SelectInterface
 .text.USBH_FindInterface
                0x0000000008008864       0x8c Middlewares/ST/STM32_USB_Host_Library/Core/Src/usbh_core.o
                0x0000000008008864                USBH_FindInterface
 .text.USBH_Start
                0x00000000080088f0       0x20 Middlewares/ST/STM32_USB_Host_Library/Core/Src/usbh_core.o
                0x00000000080088f0                USBH_Start
 .text.USBH_Process
                0x0000000008008910      0x310 Middlewares/ST/STM32_USB_Host_Library/Core/Src/usbh_core.o
                0x0000000008008910                USBH_Process
 .text.USBH_HandleEnum
                0x0000000008008c20      0x234 Middlewares/ST/STM32_USB_Host_Library/Core/Src/usbh_core.o
 .text.USBH_LL_SetTimer
                0x0000000008008e54       0x1e Middlewares/ST/STM32_USB_Host_Library/Core/Src/usbh_core.o
                0x0000000008008e54                USBH_LL_SetTimer
 .text.USBH_LL_IncTimer
                0x0000000008008e72       0x24 Middlewares/ST/STM32_USB_Host_Library/Core/Src/usbh_core.o
                0x0000000008008e72                USBH_LL_IncTimer
 .text.USBH_HandleSof
                0x0000000008008e96       0x30 Middlewares/ST/STM32_USB_Host_Library/Core/Src/usbh_core.o
 .text.USBH_LL_PortEnabled
                0x0000000008008ec6       0x1c Middlewares/ST/STM32_USB_Host_Library/Core/Src/usbh_core.o
                0x0000000008008ec6                USBH_LL_PortEnabled
 .text.USBH_LL_PortDisabled
                0x0000000008008ee2       0x1c Middlewares/ST/STM32_USB_Host_Library/Core/Src/usbh_core.o
                0x0000000008008ee2                USBH_LL_PortDisabled
 .text.USBH_IsPortEnabled
                0x0000000008008efe       0x1a Middlewares/ST/STM32_USB_Host_Library/Core/Src/usbh_core.o
                0x0000000008008efe                USBH_IsPortEnabled
 .text.USBH_LL_Connect
                0x0000000008008f18       0x4c Middlewares/ST/STM32_USB_Host_Library/Core/Src/usbh_core.o
                0x0000000008008f18                USBH_LL_Connect
 .text.USBH_LL_Disconnect
                0x0000000008008f64       0x5a Middlewares/ST/STM32_USB_Host_Library/Core/Src/usbh_core.o
                0x0000000008008f64                USBH_LL_Disconnect
 .text.USBH_Get_DevDesc
                0x0000000008008fbe       0x50 Middlewares/ST/STM32_USB_Host_Library/Core/Src/usbh_ctlreq.o
                0x0000000008008fbe                USBH_Get_DevDesc
 .text.USBH_Get_CfgDesc
                0x000000000800900e       0x48 Middlewares/ST/STM32_USB_Host_Library/Core/Src/usbh_ctlreq.o
                0x000000000800900e                USBH_Get_CfgDesc
 .text.USBH_Get_StringDesc
                0x0000000008009056       0x56 Middlewares/ST/STM32_USB_Host_Library/Core/Src/usbh_ctlreq.o
                0x0000000008009056                USBH_Get_StringDesc
 .text.USBH_GetDescriptor
                0x00000000080090ac       0x6a Middlewares/ST/STM32_USB_Host_Library/Core/Src/usbh_ctlreq.o
                0x00000000080090ac                USBH_GetDescriptor
 .text.USBH_SetAddress
                0x0000000008009116       0x48 Middlewares/ST/STM32_USB_Host_Library/Core/Src/usbh_ctlreq.o
                0x0000000008009116                USBH_SetAddress
 .text.USBH_SetCfg
                0x000000000800915e       0x46 Middlewares/ST/STM32_USB_Host_Library/Core/Src/usbh_ctlreq.o
                0x000000000800915e                USBH_SetCfg
 .text.USBH_SetFeature
                0x00000000080091a4       0x48 Middlewares/ST/STM32_USB_Host_Library/Core/Src/usbh_ctlreq.o
                0x00000000080091a4                USBH_SetFeature
 .text.USBH_ClrFeature
                0x00000000080091ec       0x48 Middlewares/ST/STM32_USB_Host_Library/Core/Src/usbh_ctlreq.o
                0x00000000080091ec                USBH_ClrFeature
 .text.USBH_ParseDevDesc
                0x0000000008009234       0xe0 Middlewares/ST/STM32_USB_Host_Library/Core/Src/usbh_ctlreq.o
 .text.USBH_ParseCfgDesc
                0x0000000008009314      0x144 Middlewares/ST/STM32_USB_Host_Library/Core/Src/usbh_ctlreq.o
 .text.USBH_ParseInterfaceDesc
                0x0000000008009458       0x5e Middlewares/ST/STM32_USB_Host_Library/Core/Src/usbh_ctlreq.o
 .text.USBH_ParseEPDesc
                0x00000000080094b6       0x5a Middlewares/ST/STM32_USB_Host_Library/Core/Src/usbh_ctlreq.o
 .text.USBH_ParseStringDesc
                0x0000000008009510       0x66 Middlewares/ST/STM32_USB_Host_Library/Core/Src/usbh_ctlreq.o
 .text.USBH_GetNextDesc
                0x0000000008009576       0x36 Middlewares/ST/STM32_USB_Host_Library/Core/Src/usbh_ctlreq.o
                0x0000000008009576                USBH_GetNextDesc
 .text.USBH_CtlReq
                0x00000000080095ac       0x94 Middlewares/ST/STM32_USB_Host_Library/Core/Src/usbh_ctlreq.o
                0x00000000080095ac                USBH_CtlReq
 .text.USBH_HandleControl
                0x0000000008009640      0x2d4 Middlewares/ST/STM32_USB_Host_Library/Core/Src/usbh_ctlreq.o
 .text.USBH_CtlSendSetup
                0x0000000008009914       0x34 Middlewares/ST/STM32_USB_Host_Library/Core/Src/usbh_ioreq.o
                0x0000000008009914                USBH_CtlSendSetup
 .text.USBH_CtlSendData
                0x0000000008009948       0x4a Middlewares/ST/STM32_USB_Host_Library/Core/Src/usbh_ioreq.o
                0x0000000008009948                USBH_CtlSendData
 .text.USBH_CtlReceiveData
                0x0000000008009992       0x3c Middlewares/ST/STM32_USB_Host_Library/Core/Src/usbh_ioreq.o
                0x0000000008009992                USBH_CtlReceiveData
 .text.USBH_BulkSendData
                0x00000000080099ce       0x4a Middlewares/ST/STM32_USB_Host_Library/Core/Src/usbh_ioreq.o
                0x00000000080099ce                USBH_BulkSendData
 .text.USBH_BulkReceiveData
                0x0000000008009a18       0x3c Middlewares/ST/STM32_USB_Host_Library/Core/Src/usbh_ioreq.o
                0x0000000008009a18                USBH_BulkReceiveData
 .text.USBH_OpenPipe
                0x0000000008009a54       0x3e Middlewares/ST/STM32_USB_Host_Library/Core/Src/usbh_pipes.o
                0x0000000008009a54                USBH_OpenPipe
 .text.USBH_ClosePipe
                0x0000000008009a92       0x20 Middlewares/ST/STM32_USB_Host_Library/Core/Src/usbh_pipes.o
                0x0000000008009a92                USBH_ClosePipe
 .text.USBH_AllocPipe
                0x0000000008009ab2       0x3c Middlewares/ST/STM32_USB_Host_Library/Core/Src/usbh_pipes.o
                0x0000000008009ab2                USBH_AllocPipe
 .text.USBH_FreePipe
                0x0000000008009aee       0x38 Middlewares/ST/STM32_USB_Host_Library/Core/Src/usbh_pipes.o
                0x0000000008009aee                USBH_FreePipe
 .text.USBH_GetFreePipe
                0x0000000008009b26       0x46 Middlewares/ST/STM32_USB_Host_Library/Core/Src/usbh_pipes.o
 .text.MX_USB_HOST_Init
                0x0000000008009b6c       0x4c USB_HOST/App/usb_host.o
                0x0000000008009b6c                MX_USB_HOST_Init
 .text.MX_USB_HOST_Process
                0x0000000008009bb8       0x14 USB_HOST/App/usb_host.o
                0x0000000008009bb8                MX_USB_HOST_Process
 .text.USBH_UserProcess
                0x0000000008009bcc       0x5c USB_HOST/App/usb_host.o
 .text.HAL_HCD_MspInit
                0x0000000008009c28       0xcc USB_HOST/Target/usbh_conf.o
                0x0000000008009c28                HAL_HCD_MspInit
 .text.HAL_HCD_SOF_Callback
                0x0000000008009cf4       0x1c USB_HOST/Target/usbh_conf.o
                0x0000000008009cf4                HAL_HCD_SOF_Callback
 .text.HAL_HCD_Connect_Callback
                0x0000000008009d10       0x1c USB_HOST/Target/usbh_conf.o
                0x0000000008009d10                HAL_HCD_Connect_Callback
 .text.HAL_HCD_Disconnect_Callback
                0x0000000008009d2c       0x1c USB_HOST/Target/usbh_conf.o
                0x0000000008009d2c                HAL_HCD_Disconnect_Callback
 .text.HAL_HCD_HC_NotifyURBChange_Callback
                0x0000000008009d48       0x1c USB_HOST/Target/usbh_conf.o
                0x0000000008009d48                HAL_HCD_HC_NotifyURBChange_Callback
 .text.HAL_HCD_PortEnabled_Callback
                0x0000000008009d64       0x1c USB_HOST/Target/usbh_conf.o
                0x0000000008009d64                HAL_HCD_PortEnabled_Callback
 .text.HAL_HCD_PortDisabled_Callback
                0x0000000008009d80       0x1c USB_HOST/Target/usbh_conf.o
                0x0000000008009d80                HAL_HCD_PortDisabled_Callback
 .text.USBH_LL_Init
                0x0000000008009d9c       0x78 USB_HOST/Target/usbh_conf.o
                0x0000000008009d9c                USBH_LL_Init
 .text.USBH_LL_Start
                0x0000000008009e14       0x36 USB_HOST/Target/usbh_conf.o
                0x0000000008009e14                USBH_LL_Start
 .text.USBH_LL_Stop
                0x0000000008009e4a       0x36 USB_HOST/Target/usbh_conf.o
                0x0000000008009e4a                USBH_LL_Stop
 .text.USBH_LL_GetSpeed
                0x0000000008009e80       0x4a USB_HOST/Target/usbh_conf.o
                0x0000000008009e80                USBH_LL_GetSpeed
 .text.USBH_LL_ResetPort
                0x0000000008009eca       0x36 USB_HOST/Target/usbh_conf.o
                0x0000000008009eca                USBH_LL_ResetPort
 .text.USBH_LL_GetLastXferSize
                0x0000000008009f00       0x26 USB_HOST/Target/usbh_conf.o
                0x0000000008009f00                USBH_LL_GetLastXferSize
 .text.USBH_LL_OpenPipe
                0x0000000008009f26       0x5e USB_HOST/Target/usbh_conf.o
                0x0000000008009f26                USBH_LL_OpenPipe
 .text.USBH_LL_ClosePipe
                0x0000000008009f84       0x3e USB_HOST/Target/usbh_conf.o
                0x0000000008009f84                USBH_LL_ClosePipe
 .text.USBH_LL_SubmitURB
                0x0000000008009fc2       0x62 USB_HOST/Target/usbh_conf.o
                0x0000000008009fc2                USBH_LL_SubmitURB
 .text.USBH_LL_GetURBState
                0x000000000800a024       0x26 USB_HOST/Target/usbh_conf.o
                0x000000000800a024                USBH_LL_GetURBState
 .text.USBH_LL_DriverVBUS
                0x000000000800a04a       0x2e USB_HOST/Target/usbh_conf.o
                0x000000000800a04a                USBH_LL_DriverVBUS
 .text.USBH_LL_SetToggle
                0x000000000800a078       0x66 USB_HOST/Target/usbh_conf.o
                0x000000000800a078                USBH_LL_SetToggle
 .text.USBH_Delay
                0x000000000800a0de       0x16 USB_HOST/Target/usbh_conf.o
                0x000000000800a0de                USBH_Delay
 .text.USBH_Get_USB_Status
                0x000000000800a0f4       0x58 USB_HOST/Target/usbh_conf.o
                0x000000000800a0f4                USBH_Get_USB_Status
 .text.MX_DriverVbusFS
                0x000000000800a14c       0x38 USB_HOST/Target/usbh_platform.o
                0x000000000800a14c                MX_DriverVbusFS
 .text.__errno  0x000000000800a184        0xc c:/users/sebbe/onedrive/dokument/stm32/stm32cubeide_1.3.0/stm32cubeide/plugins/com.st.stm32cube.ide.mcu.externaltools.gnu-tools-for-stm32.7-2018-q2-update.win32_1.0.0.201904181610/tools/bin/../lib/gcc/arm-none-eabi/7.3.1/../../../../arm-none-eabi/lib/thumb/v7e-m/fpv4-sp/hard\libc_nano.a(lib_a-errno.o)
                0x000000000800a184                __errno
 .text.__libc_init_array
                0x000000000800a190       0x48 c:/users/sebbe/onedrive/dokument/stm32/stm32cubeide_1.3.0/stm32cubeide/plugins/com.st.stm32cube.ide.mcu.externaltools.gnu-tools-for-stm32.7-2018-q2-update.win32_1.0.0.201904181610/tools/bin/../lib/gcc/arm-none-eabi/7.3.1/../../../../arm-none-eabi/lib/thumb/v7e-m/fpv4-sp/hard\libc_nano.a(lib_a-init.o)
                0x000000000800a190                __libc_init_array
 .text.malloc   0x000000000800a1d8       0x10 c:/users/sebbe/onedrive/dokument/stm32/stm32cubeide_1.3.0/stm32cubeide/plugins/com.st.stm32cube.ide.mcu.externaltools.gnu-tools-for-stm32.7-2018-q2-update.win32_1.0.0.201904181610/tools/bin/../lib/gcc/arm-none-eabi/7.3.1/../../../../arm-none-eabi/lib/thumb/v7e-m/fpv4-sp/hard\libc_nano.a(lib_a-malloc.o)
                0x000000000800a1d8                malloc
 .text.free     0x000000000800a1e8       0x10 c:/users/sebbe/onedrive/dokument/stm32/stm32cubeide_1.3.0/stm32cubeide/plugins/com.st.stm32cube.ide.mcu.externaltools.gnu-tools-for-stm32.7-2018-q2-update.win32_1.0.0.201904181610/tools/bin/../lib/gcc/arm-none-eabi/7.3.1/../../../../arm-none-eabi/lib/thumb/v7e-m/fpv4-sp/hard\libc_nano.a(lib_a-malloc.o)
                0x000000000800a1e8                free
 .text.memset   0x000000000800a1f8       0x10 c:/users/sebbe/onedrive/dokument/stm32/stm32cubeide_1.3.0/stm32cubeide/plugins/com.st.stm32cube.ide.mcu.externaltools.gnu-tools-for-stm32.7-2018-q2-update.win32_1.0.0.201904181610/tools/bin/../lib/gcc/arm-none-eabi/7.3.1/../../../../arm-none-eabi/lib/thumb/v7e-m/fpv4-sp/hard\libc_nano.a(lib_a-memset.o)
                0x000000000800a1f8                memset
 .text._free_r  0x000000000800a208       0x9c c:/users/sebbe/onedrive/dokument/stm32/stm32cubeide_1.3.0/stm32cubeide/plugins/com.st.stm32cube.ide.mcu.externaltools.gnu-tools-for-stm32.7-2018-q2-update.win32_1.0.0.201904181610/tools/bin/../lib/gcc/arm-none-eabi/7.3.1/../../../../arm-none-eabi/lib/thumb/v7e-m/fpv4-sp/hard\libc_nano.a(lib_a-nano-freer.o)
                0x000000000800a208                _free_r
 .text._malloc_r
                0x000000000800a2a4       0xb4 c:/users/sebbe/onedrive/dokument/stm32/stm32cubeide_1.3.0/stm32cubeide/plugins/com.st.stm32cube.ide.mcu.externaltools.gnu-tools-for-stm32.7-2018-q2-update.win32_1.0.0.201904181610/tools/bin/../lib/gcc/arm-none-eabi/7.3.1/../../../../arm-none-eabi/lib/thumb/v7e-m/fpv4-sp/hard\libc_nano.a(lib_a-nano-mallocr.o)
                0x000000000800a2a4                _malloc_r
 .text._sbrk_r  0x000000000800a358       0x20 c:/users/sebbe/onedrive/dokument/stm32/stm32cubeide_1.3.0/stm32cubeide/plugins/com.st.stm32cube.ide.mcu.externaltools.gnu-tools-for-stm32.7-2018-q2-update.win32_1.0.0.201904181610/tools/bin/../lib/gcc/arm-none-eabi/7.3.1/../../../../arm-none-eabi/lib/thumb/v7e-m/fpv4-sp/hard\libc_nano.a(lib_a-sbrkr.o)
                0x000000000800a358                _sbrk_r
 .text.__malloc_lock
                0x000000000800a378        0x2 c:/users/sebbe/onedrive/dokument/stm32/stm32cubeide_1.3.0/stm32cubeide/plugins/com.st.stm32cube.ide.mcu.externaltools.gnu-tools-for-stm32.7-2018-q2-update.win32_1.0.0.201904181610/tools/bin/../lib/gcc/arm-none-eabi/7.3.1/../../../../arm-none-eabi/lib/thumb/v7e-m/fpv4-sp/hard\libc_nano.a(lib_a-mlock.o)
                0x000000000800a378                __malloc_lock
 .text.__malloc_unlock
                0x000000000800a37a        0x2 c:/users/sebbe/onedrive/dokument/stm32/stm32cubeide_1.3.0/stm32cubeide/plugins/com.st.stm32cube.ide.mcu.externaltools.gnu-tools-for-stm32.7-2018-q2-update.win32_1.0.0.201904181610/tools/bin/../lib/gcc/arm-none-eabi/7.3.1/../../../../arm-none-eabi/lib/thumb/v7e-m/fpv4-sp/hard\libc_nano.a(lib_a-mlock.o)
                0x000000000800a37a                __malloc_unlock
 *(.glue_7)
 .glue_7        0x000000000800a37c        0x0 linker stubs
 *(.glue_7t)
 .glue_7t       0x000000000800a37c        0x0 linker stubs
 *(.eh_frame)
 .eh_frame      0x000000000800a37c        0x0 c:/users/sebbe/onedrive/dokument/stm32/stm32cubeide_1.3.0/stm32cubeide/plugins/com.st.stm32cube.ide.mcu.externaltools.gnu-tools-for-stm32.7-2018-q2-update.win32_1.0.0.201904181610/tools/bin/../lib/gcc/arm-none-eabi/7.3.1/thumb/v7e-m/fpv4-sp/hard/crtbegin.o
 *(.init)
 .init          0x000000000800a37c        0x4 c:/users/sebbe/onedrive/dokument/stm32/stm32cubeide_1.3.0/stm32cubeide/plugins/com.st.stm32cube.ide.mcu.externaltools.gnu-tools-for-stm32.7-2018-q2-update.win32_1.0.0.201904181610/tools/bin/../lib/gcc/arm-none-eabi/7.3.1/thumb/v7e-m/fpv4-sp/hard/crti.o
                0x000000000800a37c                _init
 .init          0x000000000800a380        0x8 c:/users/sebbe/onedrive/dokument/stm32/stm32cubeide_1.3.0/stm32cubeide/plugins/com.st.stm32cube.ide.mcu.externaltools.gnu-tools-for-stm32.7-2018-q2-update.win32_1.0.0.201904181610/tools/bin/../lib/gcc/arm-none-eabi/7.3.1/thumb/v7e-m/fpv4-sp/hard/crtn.o
 *(.fini)
 .fini          0x000000000800a388        0x4 c:/users/sebbe/onedrive/dokument/stm32/stm32cubeide_1.3.0/stm32cubeide/plugins/com.st.stm32cube.ide.mcu.externaltools.gnu-tools-for-stm32.7-2018-q2-update.win32_1.0.0.201904181610/tools/bin/../lib/gcc/arm-none-eabi/7.3.1/thumb/v7e-m/fpv4-sp/hard/crti.o
                0x000000000800a388                _fini
 .fini          0x000000000800a38c        0x8 c:/users/sebbe/onedrive/dokument/stm32/stm32cubeide_1.3.0/stm32cubeide/plugins/com.st.stm32cube.ide.mcu.externaltools.gnu-tools-for-stm32.7-2018-q2-update.win32_1.0.0.201904181610/tools/bin/../lib/gcc/arm-none-eabi/7.3.1/thumb/v7e-m/fpv4-sp/hard/crtn.o
                0x000000000800a394                . = ALIGN (0x4)
                0x000000000800a394                _etext = .

.vfp11_veneer   0x000000000800a394        0x0
 .vfp11_veneer  0x000000000800a394        0x0 linker stubs

.v4_bx          0x000000000800a394        0x0
 .v4_bx         0x000000000800a394        0x0 linker stubs

.iplt           0x000000000800a394        0x0
 .iplt          0x000000000800a394        0x0 c:/users/sebbe/onedrive/dokument/stm32/stm32cubeide_1.3.0/stm32cubeide/plugins/com.st.stm32cube.ide.mcu.externaltools.gnu-tools-for-stm32.7-2018-q2-update.win32_1.0.0.201904181610/tools/bin/../lib/gcc/arm-none-eabi/7.3.1/thumb/v7e-m/fpv4-sp/hard/crtbegin.o

.rodata         0x000000000800a394      0x680
                0x000000000800a394                . = ALIGN (0x4)
 *(.rodata)
 .rodata        0x000000000800a394       0x42 Core/Src/display_test.o
 *fill*         0x000000000800a3d6        0x2 
 .rodata        0x000000000800a3d8        0x4 Middlewares/ST/STM32_USB_Host_Library/Class/CDC/Src/usbh_cdc.o
 *(.rodata*)
 .rodata.Font6x8
                0x000000000800a3dc      0x5f0 Core/Src/ssd1306_fonts.o
 .rodata.AHBPrescTable
                0x000000000800a9cc       0x10 Core/Src/system_stm32l4xx.o
                0x000000000800a9cc                AHBPrescTable
 .rodata.APBPrescTable
                0x000000000800a9dc        0x8 Core/Src/system_stm32l4xx.o
                0x000000000800a9dc                APBPrescTable
 .rodata.MSIRangeTable
                0x000000000800a9e4       0x30 Core/Src/system_stm32l4xx.o
                0x000000000800a9e4                MSIRangeTable
                0x000000000800aa14                . = ALIGN (0x4)

.ARM.extab      0x000000000800aa14        0x0
                0x000000000800aa14                . = ALIGN (0x4)
 *(.ARM.extab* .gnu.linkonce.armextab.*)
                0x000000000800aa14                . = ALIGN (0x4)

.ARM            0x000000000800aa14        0x8
                0x000000000800aa14                . = ALIGN (0x4)
                0x000000000800aa14                __exidx_start = .
 *(.ARM.exidx*)
 .ARM.exidx     0x000000000800aa14        0x8 c:/users/sebbe/onedrive/dokument/stm32/stm32cubeide_1.3.0/stm32cubeide/plugins/com.st.stm32cube.ide.mcu.externaltools.gnu-tools-for-stm32.7-2018-q2-update.win32_1.0.0.201904181610/tools/bin/../lib/gcc/arm-none-eabi/7.3.1/thumb/v7e-m/fpv4-sp/hard\libgcc.a(_udivmoddi4.o)
                0x000000000800aa1c                __exidx_end = .
                0x000000000800aa1c                . = ALIGN (0x4)

.rel.dyn        0x000000000800aa1c        0x0
 .rel.iplt      0x000000000800aa1c        0x0 c:/users/sebbe/onedrive/dokument/stm32/stm32cubeide_1.3.0/stm32cubeide/plugins/com.st.stm32cube.ide.mcu.externaltools.gnu-tools-for-stm32.7-2018-q2-update.win32_1.0.0.201904181610/tools/bin/../lib/gcc/arm-none-eabi/7.3.1/thumb/v7e-m/fpv4-sp/hard/crtbegin.o

.preinit_array  0x000000000800aa1c        0x0
                0x000000000800aa1c                . = ALIGN (0x4)
                0x000000000800aa1c                PROVIDE (__preinit_array_start = .)
 *(.preinit_array*)
                0x000000000800aa1c                PROVIDE (__preinit_array_end = .)
                0x000000000800aa1c                . = ALIGN (0x4)

.init_array     0x000000000800aa1c        0x4
                0x000000000800aa1c                . = ALIGN (0x4)
                0x000000000800aa1c                PROVIDE (__init_array_start = .)
 *(SORT_BY_NAME(.init_array.*))
 *(.init_array*)
 .init_array    0x000000000800aa1c        0x4 c:/users/sebbe/onedrive/dokument/stm32/stm32cubeide_1.3.0/stm32cubeide/plugins/com.st.stm32cube.ide.mcu.externaltools.gnu-tools-for-stm32.7-2018-q2-update.win32_1.0.0.201904181610/tools/bin/../lib/gcc/arm-none-eabi/7.3.1/thumb/v7e-m/fpv4-sp/hard/crtbegin.o
                0x000000000800aa20                PROVIDE (__init_array_end = .)
                0x000000000800aa20                . = ALIGN (0x4)

.fini_array     0x000000000800aa20        0x4
                0x000000000800aa20                . = ALIGN (0x4)
                [!provide]                        PROVIDE (__fini_array_start = .)
 *(SORT_BY_NAME(.fini_array.*))
 *(.fini_array*)
 .fini_array    0x000000000800aa20        0x4 c:/users/sebbe/onedrive/dokument/stm32/stm32cubeide_1.3.0/stm32cubeide/plugins/com.st.stm32cube.ide.mcu.externaltools.gnu-tools-for-stm32.7-2018-q2-update.win32_1.0.0.201904181610/tools/bin/../lib/gcc/arm-none-eabi/7.3.1/thumb/v7e-m/fpv4-sp/hard/crtbegin.o
                [!provide]                        PROVIDE (__fini_array_end = .)
                0x000000000800aa24                . = ALIGN (0x4)
                0x000000000800aa24                _sidata = LOADADDR (.data)

.data           0x0000000020000000       0x98 load address 0x000000000800aa24
                0x0000000020000000                . = ALIGN (0x4)
                0x0000000020000000                _sdata = .
 *(.data)
 *(.data*)
 .data.Font_6x8
                0x0000000020000000        0x8 Core/Src/ssd1306_fonts.o
                0x0000000020000000                Font_6x8
 .data.SystemCoreClock
                0x0000000020000008        0x4 Core/Src/system_stm32l4xx.o
                0x0000000020000008                SystemCoreClock
 .data.uwTickPrio
                0x000000002000000c        0x4 Drivers/STM32L4xx_HAL_Driver/Src/stm32l4xx_hal.o
                0x000000002000000c                uwTickPrio
 .data.uwTickFreq
                0x0000000020000010        0x4 Drivers/STM32L4xx_HAL_Driver/Src/stm32l4xx_hal.o
                0x0000000020000010                uwTickFreq
 .data.CDC_Class
                0x0000000020000014       0x20 Middlewares/ST/STM32_USB_Host_Library/Class/CDC/Src/usbh_cdc.o
                0x0000000020000014                CDC_Class
 .data._impure_ptr
                0x0000000020000034        0x4 c:/users/sebbe/onedrive/dokument/stm32/stm32cubeide_1.3.0/stm32cubeide/plugins/com.st.stm32cube.ide.mcu.externaltools.gnu-tools-for-stm32.7-2018-q2-update.win32_1.0.0.201904181610/tools/bin/../lib/gcc/arm-none-eabi/7.3.1/../../../../arm-none-eabi/lib/thumb/v7e-m/fpv4-sp/hard\libc_nano.a(lib_a-impure.o)
                0x0000000020000034                _impure_ptr
 .data.impure_data
                0x0000000020000038       0x60 c:/users/sebbe/onedrive/dokument/stm32/stm32cubeide_1.3.0/stm32cubeide/plugins/com.st.stm32cube.ide.mcu.externaltools.gnu-tools-for-stm32.7-2018-q2-update.win32_1.0.0.201904181610/tools/bin/../lib/gcc/arm-none-eabi/7.3.1/../../../../arm-none-eabi/lib/thumb/v7e-m/fpv4-sp/hard\libc_nano.a(lib_a-impure.o)
                0x0000000020000098                . = ALIGN (0x4)
                0x0000000020000098                _edata = .

.igot.plt       0x0000000020000098        0x0 load address 0x000000000800aabc
 .igot.plt      0x0000000020000098        0x0 c:/users/sebbe/onedrive/dokument/stm32/stm32cubeide_1.3.0/stm32cubeide/plugins/com.st.stm32cube.ide.mcu.externaltools.gnu-tools-for-stm32.7-2018-q2-update.win32_1.0.0.201904181610/tools/bin/../lib/gcc/arm-none-eabi/7.3.1/thumb/v7e-m/fpv4-sp/hard/crtbegin.o
                0x0000000020000098                . = ALIGN (0x4)

.bss            0x0000000020000098      0xed8 load address 0x000000000800aabc
                0x0000000020000098                _sbss = .
                0x0000000020000098                __bss_start__ = _sbss
 *(.bss)
 .bss           0x0000000020000098       0x1c c:/users/sebbe/onedrive/dokument/stm32/stm32cubeide_1.3.0/stm32cubeide/plugins/com.st.stm32cube.ide.mcu.externaltools.gnu-tools-for-stm32.7-2018-q2-update.win32_1.0.0.201904181610/tools/bin/../lib/gcc/arm-none-eabi/7.3.1/thumb/v7e-m/fpv4-sp/hard/crtbegin.o
 *(.bss*)
 .bss.SAI1_client
                0x00000000200000b4        0x4 Core/Src/sai.o
 .bss.SSD1306_Buffer
                0x00000000200000b8      0x400 Core/Src/ssd1306.o
 .bss.SSD1306   0x00000000200004b8        0x6 Core/Src/ssd1306.o
 *fill*         0x00000000200004be        0x2 
 .bss.heap_end.6424
                0x00000000200004c0        0x4 Core/Src/sysmem.o
 .bss.tmpreg.9117
                0x00000000200004c4        0x4 Drivers/STM32L4xx_HAL_Driver/Src/stm32l4xx_ll_usb.o
 .bss.Appli_state
                0x00000000200004c8        0x1 USB_HOST/App/usb_host.o
                0x00000000200004c8                Appli_state
 *fill*         0x00000000200004c9        0x3 
 .bss.__malloc_free_list
                0x00000000200004cc        0x4 c:/users/sebbe/onedrive/dokument/stm32/stm32cubeide_1.3.0/stm32cubeide/plugins/com.st.stm32cube.ide.mcu.externaltools.gnu-tools-for-stm32.7-2018-q2-update.win32_1.0.0.201904181610/tools/bin/../lib/gcc/arm-none-eabi/7.3.1/../../../../arm-none-eabi/lib/thumb/v7e-m/fpv4-sp/hard\libc_nano.a(lib_a-nano-mallocr.o)
                0x00000000200004cc                __malloc_free_list
 .bss.__malloc_sbrk_start
                0x00000000200004d0        0x4 c:/users/sebbe/onedrive/dokument/stm32/stm32cubeide_1.3.0/stm32cubeide/plugins/com.st.stm32cube.ide.mcu.externaltools.gnu-tools-for-stm32.7-2018-q2-update.win32_1.0.0.201904181610/tools/bin/../lib/gcc/arm-none-eabi/7.3.1/../../../../arm-none-eabi/lib/thumb/v7e-m/fpv4-sp/hard\libc_nano.a(lib_a-nano-mallocr.o)
                0x00000000200004d0                __malloc_sbrk_start
 *(COMMON)
 COMMON         0x00000000200004d4       0x98 Core/Src/i2c.o
                0x00000000200004d4                hi2c1
                0x0000000020000520                hi2c2
 COMMON         0x000000002000056c       0x3c Core/Src/lcd.o
                0x000000002000056c                hlcd
 COMMON         0x00000000200005a8       0x44 Core/Src/quadspi.o
                0x00000000200005a8                hqspi
 COMMON         0x00000000200005ec      0x108 Core/Src/sai.o
                0x00000000200005ec                hsai_BlockB1
                0x0000000020000670                hsai_BlockA1
 COMMON         0x00000000200006f4       0x64 Core/Src/spi.o
                0x00000000200006f4                hspi2
 COMMON         0x0000000020000758      0x180 Core/Src/usart.o
                0x0000000020000758                huart5
                0x00000000200007d8                huart4
                0x0000000020000858                huart2
 COMMON         0x00000000200008d8        0x4 Drivers/STM32L4xx_HAL_Driver/Src/stm32l4xx_hal.o
                0x00000000200008d8                uwTick
 COMMON         0x00000000200008dc      0x3cc USB_HOST/App/usb_host.o
                0x00000000200008dc                hUsbHostFS
 COMMON         0x0000000020000ca8      0x2c4 USB_HOST/Target/usbh_conf.o
                0x0000000020000ca8                hhcd_USB_OTG_FS
 COMMON         0x0000000020000f6c        0x4 c:/users/sebbe/onedrive/dokument/stm32/stm32cubeide_1.3.0/stm32cubeide/plugins/com.st.stm32cube.ide.mcu.externaltools.gnu-tools-for-stm32.7-2018-q2-update.win32_1.0.0.201904181610/tools/bin/../lib/gcc/arm-none-eabi/7.3.1/../../../../arm-none-eabi/lib/thumb/v7e-m/fpv4-sp/hard\libc_nano.a(lib_a-reent.o)
                0x0000000020000f6c                errno
                0x0000000020000f70                . = ALIGN (0x4)
                0x0000000020000f70                _ebss = .
                0x0000000020000f70                __bss_end__ = _ebss

._user_heap_stack
                0x0000000020000f70      0x600 load address 0x000000000800aabc
                0x0000000020000f70                . = ALIGN (0x8)
                0x0000000020000f70                PROVIDE (end = .)
                [!provide]                        PROVIDE (_end = .)
                0x0000000020001170                . = (. + _Min_Heap_Size)
 *fill*         0x0000000020000f70      0x200 
                0x0000000020001570                . = (. + _Min_Stack_Size)
 *fill*         0x0000000020001170      0x400 
                0x0000000020001570                . = ALIGN (0x8)

/DISCARD/
 libc.a(*)
 libm.a(*)
 libgcc.a(*)

.ARM.attributes
                0x0000000000000000       0x30
 *(.ARM.attributes)
 .ARM.attributes
                0x0000000000000000       0x22 c:/users/sebbe/onedrive/dokument/stm32/stm32cubeide_1.3.0/stm32cubeide/plugins/com.st.stm32cube.ide.mcu.externaltools.gnu-tools-for-stm32.7-2018-q2-update.win32_1.0.0.201904181610/tools/bin/../lib/gcc/arm-none-eabi/7.3.1/thumb/v7e-m/fpv4-sp/hard/crti.o
 .ARM.attributes
                0x0000000000000022       0x34 c:/users/sebbe/onedrive/dokument/stm32/stm32cubeide_1.3.0/stm32cubeide/plugins/com.st.stm32cube.ide.mcu.externaltools.gnu-tools-for-stm32.7-2018-q2-update.win32_1.0.0.201904181610/tools/bin/../lib/gcc/arm-none-eabi/7.3.1/thumb/v7e-m/fpv4-sp/hard/crtbegin.o
 .ARM.attributes
                0x0000000000000056       0x39 Core/Src/display_test.o
 .ARM.attributes
                0x000000000000008f       0x39 Core/Src/gpio.o
 .ARM.attributes
                0x00000000000000c8       0x39 Core/Src/i2c.o
 .ARM.attributes
                0x0000000000000101       0x39 Core/Src/lcd.o
 .ARM.attributes
                0x000000000000013a       0x39 Core/Src/main.o
 .ARM.attributes
                0x0000000000000173       0x39 Core/Src/quadspi.o
 .ARM.attributes
                0x00000000000001ac       0x39 Core/Src/sai.o
 .ARM.attributes
                0x00000000000001e5       0x39 Core/Src/spi.o
 .ARM.attributes
                0x000000000000021e       0x39 Core/Src/ssd1306.o
 .ARM.attributes
                0x0000000000000257       0x39 Core/Src/ssd1306_fonts.o
 .ARM.attributes
                0x0000000000000290       0x39 Core/Src/stm32l4xx_hal_msp.o
 .ARM.attributes
                0x00000000000002c9       0x39 Core/Src/stm32l4xx_it.o
 .ARM.attributes
                0x0000000000000302       0x39 Core/Src/sysmem.o
 .ARM.attributes
                0x000000000000033b       0x39 Core/Src/system_stm32l4xx.o
 .ARM.attributes
                0x0000000000000374       0x39 Core/Src/usart.o
 .ARM.attributes
                0x00000000000003ad       0x21 Core/Startup/startup_stm32l476vgtx.o
 .ARM.attributes
                0x00000000000003ce       0x39 Drivers/STM32L4xx_HAL_Driver/Src/stm32l4xx_hal.o
 .ARM.attributes
                0x0000000000000407       0x39 Drivers/STM32L4xx_HAL_Driver/Src/stm32l4xx_hal_cortex.o
 .ARM.attributes
                0x0000000000000440       0x39 Drivers/STM32L4xx_HAL_Driver/Src/stm32l4xx_hal_gpio.o
 .ARM.attributes
                0x0000000000000479       0x39 Drivers/STM32L4xx_HAL_Driver/Src/stm32l4xx_hal_hcd.o
 .ARM.attributes
                0x00000000000004b2       0x39 Drivers/STM32L4xx_HAL_Driver/Src/stm32l4xx_hal_i2c.o
 .ARM.attributes
                0x00000000000004eb       0x39 Drivers/STM32L4xx_HAL_Driver/Src/stm32l4xx_hal_i2c_ex.o
 .ARM.attributes
                0x0000000000000524       0x39 Drivers/STM32L4xx_HAL_Driver/Src/stm32l4xx_hal_lcd.o
 .ARM.attributes
                0x000000000000055d       0x39 Drivers/STM32L4xx_HAL_Driver/Src/stm32l4xx_hal_pwr.o
 .ARM.attributes
                0x0000000000000596       0x39 Drivers/STM32L4xx_HAL_Driver/Src/stm32l4xx_hal_pwr_ex.o
 .ARM.attributes
                0x00000000000005cf       0x39 Drivers/STM32L4xx_HAL_Driver/Src/stm32l4xx_hal_qspi.o
 .ARM.attributes
                0x0000000000000608       0x39 Drivers/STM32L4xx_HAL_Driver/Src/stm32l4xx_hal_rcc.o
 .ARM.attributes
                0x0000000000000641       0x39 Drivers/STM32L4xx_HAL_Driver/Src/stm32l4xx_hal_rcc_ex.o
 .ARM.attributes
                0x000000000000067a       0x39 Drivers/STM32L4xx_HAL_Driver/Src/stm32l4xx_hal_sai.o
 .ARM.attributes
                0x00000000000006b3       0x39 Drivers/STM32L4xx_HAL_Driver/Src/stm32l4xx_hal_spi.o
 .ARM.attributes
                0x00000000000006ec       0x39 Drivers/STM32L4xx_HAL_Driver/Src/stm32l4xx_hal_uart.o
 .ARM.attributes
                0x0000000000000725       0x39 Drivers/STM32L4xx_HAL_Driver/Src/stm32l4xx_ll_usb.o
 .ARM.attributes
                0x000000000000075e       0x39 Middlewares/ST/STM32_USB_Host_Library/Class/CDC/Src/usbh_cdc.o
 .ARM.attributes
                0x0000000000000797       0x39 Middlewares/ST/STM32_USB_Host_Library/Core/Src/usbh_core.o
 .ARM.attributes
                0x00000000000007d0       0x39 Middlewares/ST/STM32_USB_Host_Library/Core/Src/usbh_ctlreq.o
 .ARM.attributes
                0x0000000000000809       0x39 Middlewares/ST/STM32_USB_Host_Library/Core/Src/usbh_ioreq.o
 .ARM.attributes
                0x0000000000000842       0x39 Middlewares/ST/STM32_USB_Host_Library/Core/Src/usbh_pipes.o
 .ARM.attributes
                0x000000000000087b       0x39 USB_HOST/App/usb_host.o
 .ARM.attributes
                0x00000000000008b4       0x39 USB_HOST/Target/usbh_conf.o
 .ARM.attributes
                0x00000000000008ed       0x39 USB_HOST/Target/usbh_platform.o
 .ARM.attributes
                0x0000000000000926       0x34 c:/users/sebbe/onedrive/dokument/stm32/stm32cubeide_1.3.0/stm32cubeide/plugins/com.st.stm32cube.ide.mcu.externaltools.gnu-tools-for-stm32.7-2018-q2-update.win32_1.0.0.201904181610/tools/bin/../lib/gcc/arm-none-eabi/7.3.1/../../../../arm-none-eabi/lib/thumb/v7e-m/fpv4-sp/hard\libc_nano.a(lib_a-errno.o)
 .ARM.attributes
                0x000000000000095a       0x34 c:/users/sebbe/onedrive/dokument/stm32/stm32cubeide_1.3.0/stm32cubeide/plugins/com.st.stm32cube.ide.mcu.externaltools.gnu-tools-for-stm32.7-2018-q2-update.win32_1.0.0.201904181610/tools/bin/../lib/gcc/arm-none-eabi/7.3.1/../../../../arm-none-eabi/lib/thumb/v7e-m/fpv4-sp/hard\libc_nano.a(lib_a-impure.o)
 .ARM.attributes
                0x000000000000098e       0x34 c:/users/sebbe/onedrive/dokument/stm32/stm32cubeide_1.3.0/stm32cubeide/plugins/com.st.stm32cube.ide.mcu.externaltools.gnu-tools-for-stm32.7-2018-q2-update.win32_1.0.0.201904181610/tools/bin/../lib/gcc/arm-none-eabi/7.3.1/../../../../arm-none-eabi/lib/thumb/v7e-m/fpv4-sp/hard\libc_nano.a(lib_a-init.o)
 .ARM.attributes
                0x00000000000009c2       0x34 c:/users/sebbe/onedrive/dokument/stm32/stm32cubeide_1.3.0/stm32cubeide/plugins/com.st.stm32cube.ide.mcu.externaltools.gnu-tools-for-stm32.7-2018-q2-update.win32_1.0.0.201904181610/tools/bin/../lib/gcc/arm-none-eabi/7.3.1/../../../../arm-none-eabi/lib/thumb/v7e-m/fpv4-sp/hard\libc_nano.a(lib_a-malloc.o)
 .ARM.attributes
                0x00000000000009f6       0x34 c:/users/sebbe/onedrive/dokument/stm32/stm32cubeide_1.3.0/stm32cubeide/plugins/com.st.stm32cube.ide.mcu.externaltools.gnu-tools-for-stm32.7-2018-q2-update.win32_1.0.0.201904181610/tools/bin/../lib/gcc/arm-none-eabi/7.3.1/../../../../arm-none-eabi/lib/thumb/v7e-m/fpv4-sp/hard\libc_nano.a(lib_a-memset.o)
 .ARM.attributes
                0x0000000000000a2a       0x34 c:/users/sebbe/onedrive/dokument/stm32/stm32cubeide_1.3.0/stm32cubeide/plugins/com.st.stm32cube.ide.mcu.externaltools.gnu-tools-for-stm32.7-2018-q2-update.win32_1.0.0.201904181610/tools/bin/../lib/gcc/arm-none-eabi/7.3.1/../../../../arm-none-eabi/lib/thumb/v7e-m/fpv4-sp/hard\libc_nano.a(lib_a-nano-freer.o)
 .ARM.attributes
                0x0000000000000a5e       0x34 c:/users/sebbe/onedrive/dokument/stm32/stm32cubeide_1.3.0/stm32cubeide/plugins/com.st.stm32cube.ide.mcu.externaltools.gnu-tools-for-stm32.7-2018-q2-update.win32_1.0.0.201904181610/tools/bin/../lib/gcc/arm-none-eabi/7.3.1/../../../../arm-none-eabi/lib/thumb/v7e-m/fpv4-sp/hard\libc_nano.a(lib_a-nano-mallocr.o)
 .ARM.attributes
                0x0000000000000a92       0x34 c:/users/sebbe/onedrive/dokument/stm32/stm32cubeide_1.3.0/stm32cubeide/plugins/com.st.stm32cube.ide.mcu.externaltools.gnu-tools-for-stm32.7-2018-q2-update.win32_1.0.0.201904181610/tools/bin/../lib/gcc/arm-none-eabi/7.3.1/../../../../arm-none-eabi/lib/thumb/v7e-m/fpv4-sp/hard\libc_nano.a(lib_a-sbrkr.o)
 .ARM.attributes
                0x0000000000000ac6       0x34 c:/users/sebbe/onedrive/dokument/stm32/stm32cubeide_1.3.0/stm32cubeide/plugins/com.st.stm32cube.ide.mcu.externaltools.gnu-tools-for-stm32.7-2018-q2-update.win32_1.0.0.201904181610/tools/bin/../lib/gcc/arm-none-eabi/7.3.1/../../../../arm-none-eabi/lib/thumb/v7e-m/fpv4-sp/hard\libc_nano.a(lib_a-mlock.o)
 .ARM.attributes
                0x0000000000000afa       0x34 c:/users/sebbe/onedrive/dokument/stm32/stm32cubeide_1.3.0/stm32cubeide/plugins/com.st.stm32cube.ide.mcu.externaltools.gnu-tools-for-stm32.7-2018-q2-update.win32_1.0.0.201904181610/tools/bin/../lib/gcc/arm-none-eabi/7.3.1/../../../../arm-none-eabi/lib/thumb/v7e-m/fpv4-sp/hard\libc_nano.a(lib_a-reent.o)
 .ARM.attributes
                0x0000000000000b2e       0x22 c:/users/sebbe/onedrive/dokument/stm32/stm32cubeide_1.3.0/stm32cubeide/plugins/com.st.stm32cube.ide.mcu.externaltools.gnu-tools-for-stm32.7-2018-q2-update.win32_1.0.0.201904181610/tools/bin/../lib/gcc/arm-none-eabi/7.3.1/thumb/v7e-m/fpv4-sp/hard\libgcc.a(_aeabi_uldivmod.o)
 .ARM.attributes
                0x0000000000000b50       0x34 c:/users/sebbe/onedrive/dokument/stm32/stm32cubeide_1.3.0/stm32cubeide/plugins/com.st.stm32cube.ide.mcu.externaltools.gnu-tools-for-stm32.7-2018-q2-update.win32_1.0.0.201904181610/tools/bin/../lib/gcc/arm-none-eabi/7.3.1/thumb/v7e-m/fpv4-sp/hard\libgcc.a(_udivmoddi4.o)
 .ARM.attributes
                0x0000000000000b84       0x22 c:/users/sebbe/onedrive/dokument/stm32/stm32cubeide_1.3.0/stm32cubeide/plugins/com.st.stm32cube.ide.mcu.externaltools.gnu-tools-for-stm32.7-2018-q2-update.win32_1.0.0.201904181610/tools/bin/../lib/gcc/arm-none-eabi/7.3.1/thumb/v7e-m/fpv4-sp/hard\libgcc.a(_dvmd_tls.o)
 .ARM.attributes
                0x0000000000000ba6       0x22 c:/users/sebbe/onedrive/dokument/stm32/stm32cubeide_1.3.0/stm32cubeide/plugins/com.st.stm32cube.ide.mcu.externaltools.gnu-tools-for-stm32.7-2018-q2-update.win32_1.0.0.201904181610/tools/bin/../lib/gcc/arm-none-eabi/7.3.1/thumb/v7e-m/fpv4-sp/hard/crtn.o
OUTPUT(Door Kommunication.elf elf32-littlearm)

.debug_info     0x0000000000000000    0x2a633
 .debug_info    0x0000000000000000     0x140c Core/Src/display_test.o
 .debug_info    0x000000000000140c      0xe92 Core/Src/gpio.o
 .debug_info    0x000000000000229e     0x13a5 Core/Src/i2c.o
 .debug_info    0x0000000000003643     0x1094 Core/Src/lcd.o
 .debug_info    0x00000000000046d7     0x21cd Core/Src/main.o
 .debug_info    0x00000000000068a4     0x12b4 Core/Src/quadspi.o
 .debug_info    0x0000000000007b58     0x13b4 Core/Src/sai.o
 .debug_info    0x0000000000008f0c     0x12f5 Core/Src/spi.o
 .debug_info    0x000000000000a201      0xa88 Core/Src/ssd1306.o
 .debug_info    0x000000000000ac89      0x1dd Core/Src/ssd1306_fonts.o
 .debug_info    0x000000000000ae66      0xcda Core/Src/stm32l4xx_hal_msp.o
 .debug_info    0x000000000000bb40     0x1022 Core/Src/stm32l4xx_it.o
 .debug_info    0x000000000000cb62      0x91c Core/Src/sysmem.o
 .debug_info    0x000000000000d47e      0x6f6 Core/Src/system_stm32l4xx.o
 .debug_info    0x000000000000db74     0x144c Core/Src/usart.o
 .debug_info    0x000000000000efc0       0x22 Core/Startup/startup_stm32l476vgtx.o
 .debug_info    0x000000000000efe2      0xcee Drivers/STM32L4xx_HAL_Driver/Src/stm32l4xx_hal.o
 .debug_info    0x000000000000fcd0      0xf3c Drivers/STM32L4xx_HAL_Driver/Src/stm32l4xx_hal_cortex.o
 .debug_info    0x0000000000010c0c      0x982 Drivers/STM32L4xx_HAL_Driver/Src/stm32l4xx_hal_gpio.o
 .debug_info    0x000000000001158e      0xf97 Drivers/STM32L4xx_HAL_Driver/Src/stm32l4xx_hal_hcd.o
 .debug_info    0x0000000000012525     0x205c Drivers/STM32L4xx_HAL_Driver/Src/stm32l4xx_hal_i2c.o
 .debug_info    0x0000000000014581      0xb41 Drivers/STM32L4xx_HAL_Driver/Src/stm32l4xx_hal_i2c_ex.o
 .debug_info    0x00000000000150c2      0x6e2 Drivers/STM32L4xx_HAL_Driver/Src/stm32l4xx_hal_lcd.o
 .debug_info    0x00000000000157a4      0xa60 Drivers/STM32L4xx_HAL_Driver/Src/stm32l4xx_hal_pwr.o
 .debug_info    0x0000000000016204      0xada Drivers/STM32L4xx_HAL_Driver/Src/stm32l4xx_hal_pwr_ex.o
 .debug_info    0x0000000000016cde     0x129a Drivers/STM32L4xx_HAL_Driver/Src/stm32l4xx_hal_qspi.o
 .debug_info    0x0000000000017f78      0xcfe Drivers/STM32L4xx_HAL_Driver/Src/stm32l4xx_hal_rcc.o
 .debug_info    0x0000000000018c76      0xf10 Drivers/STM32L4xx_HAL_Driver/Src/stm32l4xx_hal_rcc_ex.o
 .debug_info    0x0000000000019b86     0x12a7 Drivers/STM32L4xx_HAL_Driver/Src/stm32l4xx_hal_sai.o
 .debug_info    0x000000000001ae2d     0x1702 Drivers/STM32L4xx_HAL_Driver/Src/stm32l4xx_hal_spi.o
 .debug_info    0x000000000001c52f     0x1776 Drivers/STM32L4xx_HAL_Driver/Src/stm32l4xx_hal_uart.o
 .debug_info    0x000000000001dca5     0x1a15 Drivers/STM32L4xx_HAL_Driver/Src/stm32l4xx_ll_usb.o
 .debug_info    0x000000000001f6ba     0x1b99 Middlewares/ST/STM32_USB_Host_Library/Class/CDC/Src/usbh_cdc.o
 .debug_info    0x0000000000021253     0x1769 Middlewares/ST/STM32_USB_Host_Library/Core/Src/usbh_core.o
 .debug_info    0x00000000000229bc     0x1838 Middlewares/ST/STM32_USB_Host_Library/Core/Src/usbh_ctlreq.o
 .debug_info    0x00000000000241f4     0x15a5 Middlewares/ST/STM32_USB_Host_Library/Core/Src/usbh_ioreq.o
 .debug_info    0x0000000000025799     0x13e7 Middlewares/ST/STM32_USB_Host_Library/Core/Src/usbh_pipes.o
 .debug_info    0x0000000000026b80     0x133b USB_HOST/App/usb_host.o
 .debug_info    0x0000000000027ebb     0x23d6 USB_HOST/Target/usbh_conf.o
 .debug_info    0x000000000002a291      0x3a2 USB_HOST/Target/usbh_platform.o

.debug_abbrev   0x0000000000000000     0x5227
 .debug_abbrev  0x0000000000000000      0x238 Core/Src/display_test.o
 .debug_abbrev  0x0000000000000238      0x1c5 Core/Src/gpio.o
 .debug_abbrev  0x00000000000003fd      0x1fb Core/Src/i2c.o
 .debug_abbrev  0x00000000000005f8      0x1fb Core/Src/lcd.o
 .debug_abbrev  0x00000000000007f3      0x1fb Core/Src/main.o
 .debug_abbrev  0x00000000000009ee      0x1fb Core/Src/quadspi.o
 .debug_abbrev  0x0000000000000be9      0x1fb Core/Src/sai.o
 .debug_abbrev  0x0000000000000de4      0x1fb Core/Src/spi.o
 .debug_abbrev  0x0000000000000fdf      0x21b Core/Src/ssd1306.o
 .debug_abbrev  0x00000000000011fa       0xb0 Core/Src/ssd1306_fonts.o
 .debug_abbrev  0x00000000000012aa      0x1c5 Core/Src/stm32l4xx_hal_msp.o
 .debug_abbrev  0x000000000000146f      0x1d6 Core/Src/stm32l4xx_it.o
 .debug_abbrev  0x0000000000001645      0x1bb Core/Src/sysmem.o
 .debug_abbrev  0x0000000000001800      0x150 Core/Src/system_stm32l4xx.o
 .debug_abbrev  0x0000000000001950      0x1fb Core/Src/usart.o
 .debug_abbrev  0x0000000000001b4b       0x12 Core/Startup/startup_stm32l476vgtx.o
 .debug_abbrev  0x0000000000001b5d      0x1fb Drivers/STM32L4xx_HAL_Driver/Src/stm32l4xx_hal.o
 .debug_abbrev  0x0000000000001d58      0x2fa Drivers/STM32L4xx_HAL_Driver/Src/stm32l4xx_hal_cortex.o
 .debug_abbrev  0x0000000000002052      0x1c0 Drivers/STM32L4xx_HAL_Driver/Src/stm32l4xx_hal_gpio.o
 .debug_abbrev  0x0000000000002212      0x255 Drivers/STM32L4xx_HAL_Driver/Src/stm32l4xx_hal_hcd.o
 .debug_abbrev  0x0000000000002467      0x22a Drivers/STM32L4xx_HAL_Driver/Src/stm32l4xx_hal_i2c.o
 .debug_abbrev  0x0000000000002691      0x1b9 Drivers/STM32L4xx_HAL_Driver/Src/stm32l4xx_hal_i2c_ex.o
 .debug_abbrev  0x000000000000284a      0x1a4 Drivers/STM32L4xx_HAL_Driver/Src/stm32l4xx_hal_lcd.o
 .debug_abbrev  0x00000000000029ee      0x18b Drivers/STM32L4xx_HAL_Driver/Src/stm32l4xx_hal_pwr.o
 .debug_abbrev  0x0000000000002b79      0x1cb Drivers/STM32L4xx_HAL_Driver/Src/stm32l4xx_hal_pwr_ex.o
 .debug_abbrev  0x0000000000002d44      0x21f Drivers/STM32L4xx_HAL_Driver/Src/stm32l4xx_hal_qspi.o
 .debug_abbrev  0x0000000000002f63      0x245 Drivers/STM32L4xx_HAL_Driver/Src/stm32l4xx_hal_rcc.o
 .debug_abbrev  0x00000000000031a8      0x238 Drivers/STM32L4xx_HAL_Driver/Src/stm32l4xx_hal_rcc_ex.o
 .debug_abbrev  0x00000000000033e0      0x22d Drivers/STM32L4xx_HAL_Driver/Src/stm32l4xx_hal_sai.o
 .debug_abbrev  0x000000000000360d      0x228 Drivers/STM32L4xx_HAL_Driver/Src/stm32l4xx_hal_spi.o
 .debug_abbrev  0x0000000000003835      0x205 Drivers/STM32L4xx_HAL_Driver/Src/stm32l4xx_hal_uart.o
 .debug_abbrev  0x0000000000003a3a      0x26d Drivers/STM32L4xx_HAL_Driver/Src/stm32l4xx_ll_usb.o
 .debug_abbrev  0x0000000000003ca7      0x308 Middlewares/ST/STM32_USB_Host_Library/Class/CDC/Src/usbh_cdc.o
 .debug_abbrev  0x0000000000003faf      0x362 Middlewares/ST/STM32_USB_Host_Library/Core/Src/usbh_core.o
 .debug_abbrev  0x0000000000004311      0x31b Middlewares/ST/STM32_USB_Host_Library/Core/Src/usbh_ctlreq.o
 .debug_abbrev  0x000000000000462c      0x279 Middlewares/ST/STM32_USB_Host_Library/Core/Src/usbh_ioreq.o
 .debug_abbrev  0x00000000000048a5      0x2b1 Middlewares/ST/STM32_USB_Host_Library/Core/Src/usbh_pipes.o
 .debug_abbrev  0x0000000000004b56      0x268 USB_HOST/App/usb_host.o
 .debug_abbrev  0x0000000000004dbe      0x349 USB_HOST/Target/usbh_conf.o
 .debug_abbrev  0x0000000000005107      0x120 USB_HOST/Target/usbh_platform.o

.debug_aranges  0x0000000000000000     0x1948
 .debug_aranges
                0x0000000000000000       0x48 Core/Src/display_test.o
 .debug_aranges
                0x0000000000000048       0x20 Core/Src/gpio.o
 .debug_aranges
                0x0000000000000068       0x38 Core/Src/i2c.o
 .debug_aranges
                0x00000000000000a0       0x30 Core/Src/lcd.o
 .debug_aranges
                0x00000000000000d0       0x30 Core/Src/main.o
 .debug_aranges
                0x0000000000000100       0x30 Core/Src/quadspi.o
 .debug_aranges
                0x0000000000000130       0x30 Core/Src/sai.o
 .debug_aranges
                0x0000000000000160       0x30 Core/Src/spi.o
 .debug_aranges
                0x0000000000000190       0x68 Core/Src/ssd1306.o
 .debug_aranges
                0x00000000000001f8       0x18 Core/Src/ssd1306_fonts.o
 .debug_aranges
                0x0000000000000210       0x20 Core/Src/stm32l4xx_hal_msp.o
 .debug_aranges
                0x0000000000000230       0x68 Core/Src/stm32l4xx_it.o
 .debug_aranges
                0x0000000000000298       0x20 Core/Src/sysmem.o
 .debug_aranges
                0x00000000000002b8       0x28 Core/Src/system_stm32l4xx.o
 .debug_aranges
                0x00000000000002e0       0x40 Core/Src/usart.o
 .debug_aranges
                0x0000000000000320       0x28 Core/Startup/startup_stm32l476vgtx.o
 .debug_aranges
                0x0000000000000348      0x130 Drivers/STM32L4xx_HAL_Driver/Src/stm32l4xx_hal.o
 .debug_aranges
                0x0000000000000478      0x118 Drivers/STM32L4xx_HAL_Driver/Src/stm32l4xx_hal_cortex.o
 .debug_aranges
                0x0000000000000590       0x58 Drivers/STM32L4xx_HAL_Driver/Src/stm32l4xx_hal_gpio.o
 .debug_aranges
                0x00000000000005e8       0xf0 Drivers/STM32L4xx_HAL_Driver/Src/stm32l4xx_hal_hcd.o
 .debug_aranges
                0x00000000000006d8      0x288 Drivers/STM32L4xx_HAL_Driver/Src/stm32l4xx_hal_i2c.o
 .debug_aranges
                0x0000000000000960       0x48 Drivers/STM32L4xx_HAL_Driver/Src/stm32l4xx_hal_i2c_ex.o
 .debug_aranges
                0x00000000000009a8       0x68 Drivers/STM32L4xx_HAL_Driver/Src/stm32l4xx_hal_lcd.o
 .debug_aranges
                0x0000000000000a10       0x98 Drivers/STM32L4xx_HAL_Driver/Src/stm32l4xx_hal_pwr.o
 .debug_aranges
                0x0000000000000aa8      0x148 Drivers/STM32L4xx_HAL_Driver/Src/stm32l4xx_hal_pwr_ex.o
 .debug_aranges
                0x0000000000000bf0      0x160 Drivers/STM32L4xx_HAL_Driver/Src/stm32l4xx_hal_qspi.o
 .debug_aranges
                0x0000000000000d50       0x88 Drivers/STM32L4xx_HAL_Driver/Src/stm32l4xx_hal_rcc.o
 .debug_aranges
                0x0000000000000dd8       0xc0 Drivers/STM32L4xx_HAL_Driver/Src/stm32l4xx_hal_rcc_ex.o
 .debug_aranges
                0x0000000000000e98      0x178 Drivers/STM32L4xx_HAL_Driver/Src/stm32l4xx_hal_sai.o
 .debug_aranges
                0x0000000000001010      0x1d8 Drivers/STM32L4xx_HAL_Driver/Src/stm32l4xx_hal_spi.o
 .debug_aranges
                0x00000000000011e8      0x1f8 Drivers/STM32L4xx_HAL_Driver/Src/stm32l4xx_hal_uart.o
 .debug_aranges
                0x00000000000013e0      0x198 Drivers/STM32L4xx_HAL_Driver/Src/stm32l4xx_ll_usb.o
 .debug_aranges
                0x0000000000001578       0xa8 Middlewares/ST/STM32_USB_Host_Library/Class/CDC/Src/usbh_cdc.o
 .debug_aranges
                0x0000000000001620       0xc0 Middlewares/ST/STM32_USB_Host_Library/Core/Src/usbh_core.o
 .debug_aranges
                0x00000000000016e0       0xa0 Middlewares/ST/STM32_USB_Host_Library/Core/Src/usbh_ctlreq.o
 .debug_aranges
                0x0000000000001780       0x60 Middlewares/ST/STM32_USB_Host_Library/Core/Src/usbh_ioreq.o
 .debug_aranges
                0x00000000000017e0       0x40 Middlewares/ST/STM32_USB_Host_Library/Core/Src/usbh_pipes.o
 .debug_aranges
                0x0000000000001820       0x30 USB_HOST/App/usb_host.o
 .debug_aranges
                0x0000000000001850       0xd8 USB_HOST/Target/usbh_conf.o
 .debug_aranges
                0x0000000000001928       0x20 USB_HOST/Target/usbh_platform.o

.debug_ranges   0x0000000000000000     0x16e0
 .debug_ranges  0x0000000000000000       0x38 Core/Src/display_test.o
 .debug_ranges  0x0000000000000038       0x10 Core/Src/gpio.o
 .debug_ranges  0x0000000000000048       0x28 Core/Src/i2c.o
 .debug_ranges  0x0000000000000070       0x20 Core/Src/lcd.o
 .debug_ranges  0x0000000000000090       0x20 Core/Src/main.o
 .debug_ranges  0x00000000000000b0       0x20 Core/Src/quadspi.o
 .debug_ranges  0x00000000000000d0       0x20 Core/Src/sai.o
 .debug_ranges  0x00000000000000f0       0x20 Core/Src/spi.o
 .debug_ranges  0x0000000000000110       0x58 Core/Src/ssd1306.o
 .debug_ranges  0x0000000000000168       0x10 Core/Src/stm32l4xx_hal_msp.o
 .debug_ranges  0x0000000000000178       0x58 Core/Src/stm32l4xx_it.o
 .debug_ranges  0x00000000000001d0       0x10 Core/Src/sysmem.o
 .debug_ranges  0x00000000000001e0       0x18 Core/Src/system_stm32l4xx.o
 .debug_ranges  0x00000000000001f8       0x30 Core/Src/usart.o
 .debug_ranges  0x0000000000000228       0x20 Core/Startup/startup_stm32l476vgtx.o
 .debug_ranges  0x0000000000000248      0x120 Drivers/STM32L4xx_HAL_Driver/Src/stm32l4xx_hal.o
 .debug_ranges  0x0000000000000368      0x108 Drivers/STM32L4xx_HAL_Driver/Src/stm32l4xx_hal_cortex.o
 .debug_ranges  0x0000000000000470       0x48 Drivers/STM32L4xx_HAL_Driver/Src/stm32l4xx_hal_gpio.o
 .debug_ranges  0x00000000000004b8       0xe0 Drivers/STM32L4xx_HAL_Driver/Src/stm32l4xx_hal_hcd.o
 .debug_ranges  0x0000000000000598      0x278 Drivers/STM32L4xx_HAL_Driver/Src/stm32l4xx_hal_i2c.o
 .debug_ranges  0x0000000000000810       0x38 Drivers/STM32L4xx_HAL_Driver/Src/stm32l4xx_hal_i2c_ex.o
 .debug_ranges  0x0000000000000848       0x58 Drivers/STM32L4xx_HAL_Driver/Src/stm32l4xx_hal_lcd.o
 .debug_ranges  0x00000000000008a0       0x88 Drivers/STM32L4xx_HAL_Driver/Src/stm32l4xx_hal_pwr.o
 .debug_ranges  0x0000000000000928      0x138 Drivers/STM32L4xx_HAL_Driver/Src/stm32l4xx_hal_pwr_ex.o
 .debug_ranges  0x0000000000000a60      0x150 Drivers/STM32L4xx_HAL_Driver/Src/stm32l4xx_hal_qspi.o
 .debug_ranges  0x0000000000000bb0       0x78 Drivers/STM32L4xx_HAL_Driver/Src/stm32l4xx_hal_rcc.o
 .debug_ranges  0x0000000000000c28       0xb0 Drivers/STM32L4xx_HAL_Driver/Src/stm32l4xx_hal_rcc_ex.o